Archive member included because of file (symbol)

C:\Users\Bryce\AppData\Local\Temp\arduino\sketches\186A69DA793391A1BCFAFD0DADF0B8D3/..\..\cores\Rebug V1.0.4_samd_rebug_switchme_m0_4384d558e90a380b2d87b61af40e917a\core.a(Print.cpp.o)
                              C:\Users\Bryce\AppData\Local\Temp\arduino\sketches\186A69DA793391A1BCFAFD0DADF0B8D3\sketch\main.ino.cpp.o (Print::print(char const*))
C:\Users\Bryce\AppData\Local\Temp\arduino\sketches\186A69DA793391A1BCFAFD0DADF0B8D3/..\..\cores\Rebug V1.0.4_samd_rebug_switchme_m0_4384d558e90a380b2d87b61af40e917a\core.a(SERCOM.cpp.o)
                              C:\Users\Bryce\AppData\Local\Temp\arduino\sketches\186A69DA793391A1BCFAFD0DADF0B8D3\core\variant.cpp.o (SERCOM::SERCOM(Sercom*))
C:\Users\Bryce\AppData\Local\Temp\arduino\sketches\186A69DA793391A1BCFAFD0DADF0B8D3/..\..\cores\Rebug V1.0.4_samd_rebug_switchme_m0_4384d558e90a380b2d87b61af40e917a\core.a(CDC.cpp.o)
                              C:\Users\Bryce\AppData\Local\Temp\arduino\sketches\186A69DA793391A1BCFAFD0DADF0B8D3\sketch\main.ino.cpp.o (Serial_::begin(unsigned long))
C:\Users\Bryce\AppData\Local\Temp\arduino\sketches\186A69DA793391A1BCFAFD0DADF0B8D3/..\..\cores\Rebug V1.0.4_samd_rebug_switchme_m0_4384d558e90a380b2d87b61af40e917a\core.a(USBCore.cpp.o)
                              C:\Users\Bryce\AppData\Local\Temp\arduino\sketches\186A69DA793391A1BCFAFD0DADF0B8D3/..\..\cores\Rebug V1.0.4_samd_rebug_switchme_m0_4384d558e90a380b2d87b61af40e917a\core.a(CDC.cpp.o) (USBDeviceClass::available(unsigned long))
C:\Users\Bryce\AppData\Local\Temp\arduino\sketches\186A69DA793391A1BCFAFD0DADF0B8D3/..\..\cores\Rebug V1.0.4_samd_rebug_switchme_m0_4384d558e90a380b2d87b61af40e917a\core.a(samd21_host.c.o)
                              C:\Users\Bryce\AppData\Local\Temp\arduino\sketches\186A69DA793391A1BCFAFD0DADF0B8D3\libraries\USBHost\Usb.cpp.o (UHD_Init)
C:\Users\Bryce\AppData\Local\Temp\arduino\sketches\186A69DA793391A1BCFAFD0DADF0B8D3/..\..\cores\Rebug V1.0.4_samd_rebug_switchme_m0_4384d558e90a380b2d87b61af40e917a\core.a(Uart.cpp.o)
                              C:\Users\Bryce\AppData\Local\Temp\arduino\sketches\186A69DA793391A1BCFAFD0DADF0B8D3\core\variant.cpp.o (Uart::Uart(SERCOM*, unsigned char, unsigned char, SercomRXPad, SercomUartTXPad))
C:\Users\Bryce\AppData\Local\Temp\arduino\sketches\186A69DA793391A1BCFAFD0DADF0B8D3/..\..\cores\Rebug V1.0.4_samd_rebug_switchme_m0_4384d558e90a380b2d87b61af40e917a\core.a(abi.cpp.o)
                              C:\Users\Bryce\AppData\Local\Temp\arduino\sketches\186A69DA793391A1BCFAFD0DADF0B8D3\libraries\USBHost\Usb.cpp.o (__cxa_pure_virtual)
C:\Users\Bryce\AppData\Local\Temp\arduino\sketches\186A69DA793391A1BCFAFD0DADF0B8D3/..\..\cores\Rebug V1.0.4_samd_rebug_switchme_m0_4384d558e90a380b2d87b61af40e917a\core.a(cortex_handlers.c.o)
                              (Reset_Handler)
C:\Users\Bryce\AppData\Local\Temp\arduino\sketches\186A69DA793391A1BCFAFD0DADF0B8D3/..\..\cores\Rebug V1.0.4_samd_rebug_switchme_m0_4384d558e90a380b2d87b61af40e917a\core.a(delay.c.o)
                              C:\Users\Bryce\AppData\Local\Temp\arduino\sketches\186A69DA793391A1BCFAFD0DADF0B8D3\sketch\main.ino.cpp.o (millis)
C:\Users\Bryce\AppData\Local\Temp\arduino\sketches\186A69DA793391A1BCFAFD0DADF0B8D3/..\..\cores\Rebug V1.0.4_samd_rebug_switchme_m0_4384d558e90a380b2d87b61af40e917a\core.a(hooks.c.o)
                              C:\Users\Bryce\AppData\Local\Temp\arduino\sketches\186A69DA793391A1BCFAFD0DADF0B8D3/..\..\cores\Rebug V1.0.4_samd_rebug_switchme_m0_4384d558e90a380b2d87b61af40e917a\core.a(delay.c.o) (yield)
C:\Users\Bryce\AppData\Local\Temp\arduino\sketches\186A69DA793391A1BCFAFD0DADF0B8D3/..\..\cores\Rebug V1.0.4_samd_rebug_switchme_m0_4384d558e90a380b2d87b61af40e917a\core.a(main.cpp.o)
                              c:/users/bryce/appdata/local/arduino15/packages/arduino/tools/arm-none-eabi-gcc/4.8.3-2014q1/bin/../lib/gcc/arm-none-eabi/4.8.3/../../../../arm-none-eabi/lib/armv6-m/crt0.o (main)
C:\Users\Bryce\AppData\Local\Temp\arduino\sketches\186A69DA793391A1BCFAFD0DADF0B8D3/..\..\cores\Rebug V1.0.4_samd_rebug_switchme_m0_4384d558e90a380b2d87b61af40e917a\core.a(new.cpp.o)
                              C:\Users\Bryce\AppData\Local\Temp\arduino\sketches\186A69DA793391A1BCFAFD0DADF0B8D3/..\..\cores\Rebug V1.0.4_samd_rebug_switchme_m0_4384d558e90a380b2d87b61af40e917a\core.a(USBCore.cpp.o) (operator new(unsigned int))
C:\Users\Bryce\AppData\Local\Temp\arduino\sketches\186A69DA793391A1BCFAFD0DADF0B8D3/..\..\cores\Rebug V1.0.4_samd_rebug_switchme_m0_4384d558e90a380b2d87b61af40e917a\core.a(startup.c.o)
                              C:\Users\Bryce\AppData\Local\Temp\arduino\sketches\186A69DA793391A1BCFAFD0DADF0B8D3/..\..\cores\Rebug V1.0.4_samd_rebug_switchme_m0_4384d558e90a380b2d87b61af40e917a\core.a(cortex_handlers.c.o) (SystemInit)
[...]
Memory Configuration

Name             Origin             Length             Attributes
FLASH            0x00002000         0x0003e000         xr
RAM              0x20000000         0x00008000         xrw
*default*        0x00000000         0xffffffff

Linker script and memory map

LOAD c:/users/bryce/appdata/local/arduino15/packages/arduino/tools/arm-none-eabi-gcc/4.8.3-2014q1/bin/../lib/gcc/arm-none-eabi/4.8.3/armv6-m/crti.o
LOAD c:/users/bryce/appdata/local/arduino15/packages/arduino/tools/arm-none-eabi-gcc/4.8.3-2014q1/bin/../lib/gcc/arm-none-eabi/4.8.3/armv6-m/crtbegin.o
LOAD c:/users/bryce/appdata/local/arduino15/packages/arduino/tools/arm-none-eabi-gcc/4.8.3-2014q1/bin/../lib/gcc/arm-none-eabi/4.8.3/../../../../arm-none-eabi/lib/armv6-m/crt0.o
LOAD C:\Users\Bryce\AppData\Local\Temp\arduino\sketches\186A69DA793391A1BCFAFD0DADF0B8D3\sketch\main.ino.cpp.o
LOAD C:\Users\Bryce\AppData\Local\Temp\arduino\sketches\186A69DA793391A1BCFAFD0DADF0B8D3\libraries\USBHost\KeyboardController.cpp.o
LOAD C:\Users\Bryce\AppData\Local\Temp\arduino\sketches\186A69DA793391A1BCFAFD0DADF0B8D3\libraries\USBHost\MouseController.cpp.o
LOAD C:\Users\Bryce\AppData\Local\Temp\arduino\sketches\186A69DA793391A1BCFAFD0DADF0B8D3\libraries\USBHost\Usb.cpp.o
LOAD C:\Users\Bryce\AppData\Local\Temp\arduino\sketches\186A69DA793391A1BCFAFD0DADF0B8D3\libraries\USBHost\adk.cpp.o
LOAD C:\Users\Bryce\AppData\Local\Temp\arduino\sketches\186A69DA793391A1BCFAFD0DADF0B8D3\libraries\USBHost\hid.cpp.o
LOAD C:\Users\Bryce\AppData\Local\Temp\arduino\sketches\186A69DA793391A1BCFAFD0DADF0B8D3\libraries\USBHost\hidboot.cpp.o
LOAD C:\Users\Bryce\AppData\Local\Temp\arduino\sketches\186A69DA793391A1BCFAFD0DADF0B8D3\libraries\USBHost\hidescriptorparser.cpp.o
LOAD C:\Users\Bryce\AppData\Local\Temp\arduino\sketches\186A69DA793391A1BCFAFD0DADF0B8D3\libraries\USBHost\hiduniversal.cpp.o
LOAD C:\Users\Bryce\AppData\Local\Temp\arduino\sketches\186A69DA793391A1BCFAFD0DADF0B8D3\libraries\USBHost\message.cpp.o
LOAD C:\Users\Bryce\AppData\Local\Temp\arduino\sketches\186A69DA793391A1BCFAFD0DADF0B8D3\libraries\USBHost\parsetools.cpp.o
LOAD C:\Users\Bryce\AppData\Local\Temp\arduino\sketches\186A69DA793391A1BCFAFD0DADF0B8D3\libraries\USBHost\usbhub.cpp.o
LOAD C:\Users\Bryce\AppData\Local\Temp\arduino\sketches\186A69DA793391A1BCFAFD0DADF0B8D3\core\variant.cpp.o
START GROUP
LOAD C:\Users\Bryce\AppData\Local\Arduino15\packages\arduino\tools\CMSIS\4.5.0/CMSIS/Lib/GCC/\libarm_cortexM0l_math.a
LOAD c:/users/bryce/appdata/local/arduino15/packages/arduino/tools/arm-none-eabi-gcc/4.8.3-2014q1/bin/../lib/gcc/arm-none-eabi/4.8.3/../../../../arm-none-eabi/lib/armv6-m\libm.a
LOAD C:\Users\Bryce\AppData\Local\Temp\arduino\sketches\186A69DA793391A1BCFAFD0DADF0B8D3/..\..\cores\Rebug V1.0.4_samd_rebug_switchme_m0_4384d558e90a380b2d87b61af40e917a\core.a
END GROUP
START GROUP
LOAD c:/users/bryce/appdata/local/arduino15/packages/arduino/tools/arm-none-eabi-gcc/4.8.3-2014q1/bin/../lib/gcc/arm-none-eabi/4.8.3/armv6-m\libgcc.a
LOAD c:/users/bryce/appdata/local/arduino15/packages/arduino/tools/arm-none-eabi-gcc/4.8.3-2014q1/bin/../lib/gcc/arm-none-eabi/4.8.3/../../../../arm-none-eabi/lib/armv6-m\libc_s.a
END GROUP
START GROUP
LOAD c:/users/bryce/appdata/local/arduino15/packages/arduino/tools/arm-none-eabi-gcc/4.8.3-2014q1/bin/../lib/gcc/arm-none-eabi/4.8.3/armv6-m\libgcc.a
LOAD c:/users/bryce/appdata/local/arduino15/packages/arduino/tools/arm-none-eabi-gcc/4.8.3-2014q1/bin/../lib/gcc/arm-none-eabi/4.8.3/../../../../arm-none-eabi/lib/armv6-m\libc_s.a
LOAD c:/users/bryce/appdata/local/arduino15/packages/arduino/tools/arm-none-eabi-gcc/4.8.3-2014q1/bin/../lib/gcc/arm-none-eabi/4.8.3/../../../../arm-none-eabi/lib/armv6-m\libnosys.a
END GROUP
START GROUP
LOAD c:/users/bryce/appdata/local/arduino15/packages/arduino/tools/arm-none-eabi-gcc/4.8.3-2014q1/bin/../lib/gcc/arm-none-eabi/4.8.3/armv6-m\libgcc.a
LOAD c:/users/bryce/appdata/local/arduino15/packages/arduino/tools/arm-none-eabi-gcc/4.8.3-2014q1/bin/../lib/gcc/arm-none-eabi/4.8.3/../../../../arm-none-eabi/lib/armv6-m\libc_s.a
LOAD c:/users/bryce/appdata/local/arduino15/packages/arduino/tools/arm-none-eabi-gcc/4.8.3-2014q1/bin/../lib/gcc/arm-none-eabi/4.8.3/../../../../arm-none-eabi/lib/armv6-m\libnosys.a
END GROUP
LOAD c:/users/bryce/appdata/local/arduino15/packages/arduino/tools/arm-none-eabi-gcc/4.8.3-2014q1/bin/../lib/gcc/arm-none-eabi/4.8.3/armv6-m/crtend.o
LOAD c:/users/bryce/appdata/local/arduino15/packages/arduino/tools/arm-none-eabi-gcc/4.8.3-2014q1/bin/../lib/gcc/arm-none-eabi/4.8.3/armv6-m/crtn.o

.text           0x00002000    0x1e0f8
 *(.isr_vector)
 .isr_vector    0x00002000       0xb4 C:\Users\Bryce\AppData\Local\Temp\arduino\sketches\186A69DA793391A1BCFAFD0DADF0B8D3/..\..\cores\Rebug V1.0.4_samd_rebug_switchme_m0_4384d558e90a380b2d87b61af40e917a\core.a(cortex_handlers.c.o)
                0x00002000                exception_table
 *(.text*)
 .text          0x000020b4       0x60 c:/users/bryce/appdata/local/arduino15/packages/arduino/tools/arm-none-eabi-gcc/4.8.3-2014q1/bin/../lib/gcc/arm-none-eabi/4.8.3/armv6-m/crtbegin.o
 .text._Z15findTegraDeviceP19UsbDeviceDefinition
                0x00002114       0x60 C:\Users\Bryce\AppData\Local\Temp\arduino\sketches\186A69DA793391A1BCFAFD0DADF0B8D3\sketch\main.ino.cpp.o
                0x00002114                findTegraDevice(UsbDeviceDefinition*)
 .text._Z14serialPrintHexPKhh
                0x00002174       0x48 C:\Users\Bryce\AppData\Local\Temp\arduino\sketches\186A69DA793391A1BCFAFD0DADF0B8D3\sketch\main.ino.cpp.o
                0x00002174                serialPrintHex(unsigned char const*, unsigned char)
 .text._Z19usbOutTransferChunkmmmPh
                0x000021bc       0xc4 C:\Users\Bryce\AppData\Local\Temp\arduino\sketches\186A69DA793391A1BCFAFD0DADF0B8D3\sketch\main.ino.cpp.o
                0x000021bc                usbOutTransferChunk(unsigned long, unsigned long, unsigned long, unsigned char*)
 .text._Z14usbFlushBufferv
                0x00002280       0x40 C:\Users\Bryce\AppData\Local\Temp\arduino\sketches\186A69DA793391A1BCFAFD0DADF0B8D3\sketch\main.ino.cpp.o
                0x00002280                usbFlushBuffer()
 .text._Z16usbBufferedWritePKhm
                0x000022c0       0x60 C:\Users\Bryce\AppData\Local\Temp\arduino\sketches\186A69DA793391A1BCFAFD0DADF0B8D3\sketch\main.ino.cpp.o
                0x000022c0                usbBufferedWrite(unsigned char const*, unsigned long)
 .text._Z19usbBufferedWriteU32m
                0x00002320        0xe C:\Users\Bryce\AppData\Local\Temp\arduino\sketches\186A69DA793391A1BCFAFD0DADF0B8D3\sketch\main.ino.cpp.o
                0x00002320                usbBufferedWriteU32(unsigned long)
 *fill*         0x0000232e        0x2 
 .text._Z17readTegraDeviceIDPh
                0x00002330       0x58 C:\Users\Bryce\AppData\Local\Temp\arduino\sketches\186A69DA793391A1BCFAFD0DADF0B8D3\sketch\main.ino.cpp.o
                0x00002330                readTegraDeviceID(unsigned char*)
 .text._Z11sendPayloadPKhm
                0x00002388       0x70 C:\Users\Bryce\AppData\Local\Temp\arduino\sketches\186A69DA793391A1BCFAFD0DADF0B8D3\sketch\main.ino.cpp.o
                0x00002388                sendPayload(unsigned char const*, unsigned long)
 .text._Z16setupTegraDevicev
                0x000023f8       0x60 C:\Users\Bryce\AppData\Local\Temp\arduino\sketches\186A69DA793391A1BCFAFD0DADF0B8D3\sketch\main.ino.cpp.o
                0x000023f8                setupTegraDevice()
 .text.setup    0x00002458      0x164 C:\Users\Bryce\AppData\Local\Temp\arduino\sketches\186A69DA793391A1BCFAFD0DADF0B8D3\sketch\main.ino.cpp.o
                0x00002458                setup
 .text.loop     0x000025bc        0x2 C:\Users\Bryce\AppData\Local\Temp\arduino\sketches\186A69DA793391A1BCFAFD0DADF0B8D3\sketch\main.ino.cpp.o
                0x000025bc                loop
 *fill*         0x000025be        0x2 
 .text.startup._GLOBAL__sub_I_usb
                0x000025c0       0x10 C:\Users\Bryce\AppData\Local\Temp\arduino\sketches\186A69DA793391A1BCFAFD0DADF0B8D3\sketch\main.ino.cpp.o
 .text._ZN7USBHostC2Ev
                0x000025d0       0x4c C:\Users\Bryce\AppData\Local\Temp\arduino\sketches\186A69DA793391A1BCFAFD0DADF0B8D3\libraries\USBHost\Usb.cpp.o
                0x000025d0                USBHost::USBHost()
                0x000025d0                USBHost::USBHost()
 .text._ZN7USBHost4InitEv
                0x0000261c       0x12 C:\Users\Bryce\AppData\Local\Temp\arduino\sketches\186A69DA793391A1BCFAFD0DADF0B8D3\libraries\USBHost\Usb.cpp.o
                0x0000261c                USBHost::Init()
 *fill*         0x0000262e        0x2 
 .text._ZN7USBHost11dispatchPktEmmm
                0x00002630       0xa8 C:\Users\Bryce\AppData\Local\Temp\arduino\sketches\186A69DA793391A1BCFAFD0DADF0B8D3\libraries\USBHost\Usb.cpp.o
                0x00002630                USBHost::dispatchPkt(unsigned long, unsigned long, unsigned long)
 .text._ZN7USBHost10InTransferEP6EpInfomPhS2_
                0x000026d8       0xf8 C:\Users\Bryce\AppData\Local\Temp\arduino\sketches\186A69DA793391A1BCFAFD0DADF0B8D3\libraries\USBHost\Usb.cpp.o
                0x000026d8                USBHost::InTransfer(EpInfo*, unsigned long, unsigned char*, unsigned char*)
 .text._ZN7USBHost11OutTransferEP6EpInfommPh
                0x000027d0       0xd0 C:\Users\Bryce\AppData\Local\Temp\arduino\sketches\186A69DA793391A1BCFAFD0DADF0B8D3\libraries\USBHost\Usb.cpp.o
                0x000027d0                USBHost::OutTransfer(EpInfo*, unsigned long, unsigned long, unsigned char*)
 .text._ZN7USBHost13AttemptConfigEmmmm
                0x000028a0       0xc4 C:\Users\Bryce\AppData\Local\Temp\arduino\sketches\186A69DA793391A1BCFAFD0DADF0B8D3\libraries\USBHost\Usb.cpp.o
                0x000028a0                USBHost::AttemptConfig(unsigned long, unsigned long, unsigned long, unsigned long)
 .text._ZN15AddressPoolImplILm16EE16FindAddressIndexEm
                0x00002964       0x1a C:\Users\Bryce\AppData\Local\Temp\arduino\sketches\186A69DA793391A1BCFAFD0DADF0B8D3\libraries\USBHost\Usb.cpp.o
                0x00002964                AddressPoolImpl<16ul>::FindAddressIndex(unsigned long)
 .text._ZN15AddressPoolImplILm16EE12AllocAddressEmmm
                0x0000297e       0x84 C:\Users\Bryce\AppData\Local\Temp\arduino\sketches\186A69DA793391A1BCFAFD0DADF0B8D3\libraries\USBHost\Usb.cpp.o
                0x0000297e                AddressPoolImpl<16ul>::AllocAddress(unsigned long, unsigned long, unsigned long)
 .text._ZN15AddressPoolImplILm16EE15GetUsbDevicePtrEm
                0x00002a02       0x22 C:\Users\Bryce\AppData\Local\Temp\arduino\sketches\186A69DA793391A1BCFAFD0DADF0B8D3\libraries\USBHost\Usb.cpp.o
                0x00002a02                AddressPoolImpl<16ul>::GetUsbDevicePtr(unsigned long)
 .text._ZN7USBHost14getEpInfoEntryEmm
                0x00002a24       0x2e C:\Users\Bryce\AppData\Local\Temp\arduino\sketches\186A69DA793391A1BCFAFD0DADF0B8D3\libraries\USBHost\Usb.cpp.o
                0x00002a24                USBHost::getEpInfoEntry(unsigned long, unsigned long)
 .text._ZN7USBHost14setEpInfoEntryEmmP6EpInfo
                0x00002a52       0x20 C:\Users\Bryce\AppData\Local\Temp\arduino\sketches\186A69DA793391A1BCFAFD0DADF0B8D3\libraries\USBHost\Usb.cpp.o
                0x00002a52                USBHost::setEpInfoEntry(unsigned long, unsigned long, EpInfo*)
 *fill*         0x00002a72        0x2 
 .text._ZN7USBHost14SetPipeAddressEmmPP6EpInfoRm
                0x00002a74       0x68 C:\Users\Bryce\AppData\Local\Temp\arduino\sketches\186A69DA793391A1BCFAFD0DADF0B8D3\libraries\USBHost\Usb.cpp.o
                0x00002a74                USBHost::SetPipeAddress(unsigned long, unsigned long, EpInfo**, unsigned long&)
 .text._ZN7USBHost7ctrlReqEmmhhhhttmPhP13USBReadParser
                0x00002adc      0x12c C:\Users\Bryce\AppData\Local\Temp\arduino\sketches\186A69DA793391A1BCFAFD0DADF0B8D3\libraries\USBHost\Usb.cpp.o
                0x00002adc                USBHost::ctrlReq(unsigned long, unsigned long, unsigned char, unsigned char, unsigned char, unsigned char, unsigned short, unsigned short, unsigned long, unsigned char*, USBReadParser*)
 .text._ZN7USBHost11getDevDescrEmmmPh
                0x00002c08       0x28 C:\Users\Bryce\AppData\Local\Temp\arduino\sketches\186A69DA793391A1BCFAFD0DADF0B8D3\libraries\USBHost\Usb.cpp.o
                0x00002c08                USBHost::getDevDescr(unsigned long, unsigned long, unsigned long, unsigned char*)
 .text._ZN7USBHost7setAddrEmmm
                0x00002c30       0x2e C:\Users\Bryce\AppData\Local\Temp\arduino\sketches\186A69DA793391A1BCFAFD0DADF0B8D3\libraries\USBHost\Usb.cpp.o
                0x00002c30                USBHost::setAddr(unsigned long, unsigned long, unsigned long)
 .text._ZN7USBHost7setConfEmmm
                0x00002c5e       0x22 C:\Users\Bryce\AppData\Local\Temp\arduino\sketches\186A69DA793391A1BCFAFD0DADF0B8D3\libraries\USBHost\Usb.cpp.o
                0x00002c5e                USBHost::setConf(unsigned long, unsigned long, unsigned long)
 .text._ZN7USBHost10inTransferEmmPhS0_
                0x00002c80       0x32 C:\Users\Bryce\AppData\Local\Temp\arduino\sketches\186A69DA793391A1BCFAFD0DADF0B8D3\libraries\USBHost\Usb.cpp.o
                0x00002c80                USBHost::inTransfer(unsigned long, unsigned long, unsigned char*, unsigned char*)
 .text._ZN15AddressPoolImplILm16EE18FreeAddressByIndexEm
                0x00002cb2       0x5c C:\Users\Bryce\AppData\Local\Temp\arduino\sketches\186A69DA793391A1BCFAFD0DADF0B8D3\libraries\USBHost\Usb.cpp.o
                0x00002cb2                AddressPoolImpl<16ul>::FreeAddressByIndex(unsigned long)
 .text._ZN15AddressPoolImplILm16EE11FreeAddressEm
                0x00002d0e       0x34 C:\Users\Bryce\AppData\Local\Temp\arduino\sketches\186A69DA793391A1BCFAFD0DADF0B8D3\libraries\USBHost\Usb.cpp.o
                0x00002d0e                AddressPoolImpl<16ul>::FreeAddress(unsigned long)
 .text._ZN7USBHost17DefaultAddressingEmmm
                0x00002d42       0x62 C:\Users\Bryce\AppData\Local\Temp\arduino\sketches\186A69DA793391A1BCFAFD0DADF0B8D3\libraries\USBHost\Usb.cpp.o
                0x00002d42                USBHost::DefaultAddressing(unsigned long, unsigned long, unsigned long)
 .text._ZN7USBHost11ConfiguringEmmm
                0x00002da4      0x11e C:\Users\Bryce\AppData\Local\Temp\arduino\sketches\186A69DA793391A1BCFAFD0DADF0B8D3\libraries\USBHost\Usb.cpp.o
                0x00002da4                USBHost::Configuring(unsigned long, unsigned long, unsigned long)
 *fill*         0x00002ec2        0x2 
 .text._ZN7USBHost4TaskEv
                0x00002ec4      0x144 C:\Users\Bryce\AppData\Local\Temp\arduino\sketches\186A69DA793391A1BCFAFD0DADF0B8D3\libraries\USBHost\Usb.cpp.o
                0x00002ec4                USBHost::Task()
 .text.SERCOM0_Handler
                0x00003008       0x10 C:\Users\Bryce\AppData\Local\Temp\arduino\sketches\186A69DA793391A1BCFAFD0DADF0B8D3\core\variant.cpp.o
                0x00003008                SERCOM0_Handler
 .text.startup._GLOBAL__sub_I_g_APinDescription
                0x00003018       0x5c C:\Users\Bryce\AppData\Local\Temp\arduino\sketches\186A69DA793391A1BCFAFD0DADF0B8D3\core\variant.cpp.o
 .text._ZN5Print5writeEPKhj
                0x00003074       0x28 C:\Users\Bryce\AppData\Local\Temp\arduino\sketches\186A69DA793391A1BCFAFD0DADF0B8D3/..\..\cores\Rebug V1.0.4_samd_rebug_switchme_m0_4384d558e90a380b2d87b61af40e917a\core.a(Print.cpp.o)
                0x00003074                Print::write(unsigned char const*, unsigned int)
 .text._ZN5Print5writeEPKc
                0x0000309c       0x1c C:\Users\Bryce\AppData\Local\Temp\arduino\sketches\186A69DA793391A1BCFAFD0DADF0B8D3/..\..\cores\Rebug V1.0.4_samd_rebug_switchme_m0_4384d558e90a380b2d87b61af40e917a\core.a(Print.cpp.o)
                0x0000309c                Print::write(char const*)
 .text._ZN5Print5printEPKc
                0x000030b8        0x8 C:\Users\Bryce\AppData\Local\Temp\arduino\sketches\186A69DA793391A1BCFAFD0DADF0B8D3/..\..\cores\Rebug V1.0.4_samd_rebug_switchme_m0_4384d558e90a380b2d87b61af40e917a\core.a(Print.cpp.o)
                0x000030b8                Print::print(char const*)
 .text._ZN5Print5printEc
                0x000030c0        0xa C:\Users\Bryce\AppData\Local\Temp\arduino\sketches\186A69DA793391A1BCFAFD0DADF0B8D3/..\..\cores\Rebug V1.0.4_samd_rebug_switchme_m0_4384d558e90a380b2d87b61af40e917a\core.a(Print.cpp.o)
                0x000030c0                Print::print(char)
 *fill*         0x000030ca        0x2 
 .text._ZN5Print7printlnEv
                0x000030cc       0x10 C:\Users\Bryce\AppData\Local\Temp\arduino\sketches\186A69DA793391A1BCFAFD0DADF0B8D3/..\..\cores\Rebug V1.0.4_samd_rebug_switchme_m0_4384d558e90a380b2d87b61af40e917a\core.a(Print.cpp.o)
                0x000030cc                Print::println()
 .text._ZN5Print7printlnEPKc
                0x000030dc       0x14 C:\Users\Bryce\AppData\Local\Temp\arduino\sketches\186A69DA793391A1BCFAFD0DADF0B8D3/..\..\cores\Rebug V1.0.4_samd_rebug_switchme_m0_4384d558e90a380b2d87b61af40e917a\core.a(Print.cpp.o)
                0x000030dc                Print::println(char const*)
 .text._ZN6SERCOMC2EP6Sercom
                0x000030f0        0x4 C:\Users\Bryce\AppData\Local\Temp\arduino\sketches\186A69DA793391A1BCFAFD0DADF0B8D3/..\..\cores\Rebug V1.0.4_samd_rebug_switchme_m0_4384d558e90a380b2d87b61af40e917a\core.a(SERCOM.cpp.o)
                0x000030f0                SERCOM::SERCOM(Sercom*)
                0x000030f0                SERCOM::SERCOM(Sercom*)
 .text._ZN6SERCOM9initFrameE18SercomUartCharSize15SercomDataOrder16SercomParityMode19SercomNumberStopBit
                0x000030f4       0x38 C:\Users\Bryce\AppData\Local\Temp\arduino\sketches\186A69DA793391A1BCFAFD0DADF0B8D3/..\..\cores\Rebug V1.0.4_samd_rebug_switchme_m0_4384d558e90a380b2d87b61af40e917a\core.a(SERCOM.cpp.o)
                0x000030f4                SERCOM::initFrame(SercomUartCharSize, SercomDataOrder, SercomParityMode, SercomNumberStopBit)
 .text._ZN6SERCOM8initPadsE15SercomUartTXPad11SercomRXPad
                0x0000312c       0x26 C:\Users\Bryce\AppData\Local\Temp\arduino\sketches\186A69DA793391A1BCFAFD0DADF0B8D3/..\..\cores\Rebug V1.0.4_samd_rebug_switchme_m0_4384d558e90a380b2d87b61af40e917a\core.a(SERCOM.cpp.o)
                0x0000312c                SERCOM::initPads(SercomUartTXPad, SercomRXPad)
 .text._ZN6SERCOM9resetUARTEv
                0x00003152       0x1c C:\Users\Bryce\AppData\Local\Temp\arduino\sketches\186A69DA793391A1BCFAFD0DADF0B8D3/..\..\cores\Rebug V1.0.4_samd_rebug_switchme_m0_4384d558e90a380b2d87b61af40e917a\core.a(SERCOM.cpp.o)
                0x00003152                SERCOM::resetUART()
 .text._ZN6SERCOM10enableUARTEv
                0x0000316e       0x14 C:\Users\Bryce\AppData\Local\Temp\arduino\sketches\186A69DA793391A1BCFAFD0DADF0B8D3/..\..\cores\Rebug V1.0.4_samd_rebug_switchme_m0_4384d558e90a380b2d87b61af40e917a\core.a(SERCOM.cpp.o)
                0x0000316e                SERCOM::enableUART()
 .text._ZN6SERCOM9flushUARTEv
                0x00003182       0x10 C:\Users\Bryce\AppData\Local\Temp\arduino\sketches\186A69DA793391A1BCFAFD0DADF0B8D3/..\..\cores\Rebug V1.0.4_samd_rebug_switchme_m0_4384d558e90a380b2d87b61af40e917a\core.a(SERCOM.cpp.o)
                0x00003182                SERCOM::flushUART()
 .text._ZN6SERCOM15clearStatusUARTEv
                0x00003192        0x8 C:\Users\Bryce\AppData\Local\Temp\arduino\sketches\186A69DA793391A1BCFAFD0DADF0B8D3/..\..\cores\Rebug V1.0.4_samd_rebug_switchme_m0_4384d558e90a380b2d87b61af40e917a\core.a(SERCOM.cpp.o)
                0x00003192                SERCOM::clearStatusUART()
 .text._ZN6SERCOM17availableDataUARTEv
                0x0000319a        0xa C:\Users\Bryce\AppData\Local\Temp\arduino\sketches\186A69DA793391A1BCFAFD0DADF0B8D3/..\..\cores\Rebug V1.0.4_samd_rebug_switchme_m0_4384d558e90a380b2d87b61af40e917a\core.a(SERCOM.cpp.o)
                0x0000319a                SERCOM::availableDataUART()
 .text._ZN6SERCOM11isUARTErrorEv
                0x000031a4        0x8 C:\Users\Bryce\AppData\Local\Temp\arduino\sketches\186A69DA793391A1BCFAFD0DADF0B8D3/..\..\cores\Rebug V1.0.4_samd_rebug_switchme_m0_4384d558e90a380b2d87b61af40e917a\core.a(SERCOM.cpp.o)
                0x000031a4                SERCOM::isUARTError()
 .text._ZN6SERCOM20acknowledgeUARTErrorEv
                0x000031ac        0xe C:\Users\Bryce\AppData\Local\Temp\arduino\sketches\186A69DA793391A1BCFAFD0DADF0B8D3/..\..\cores\Rebug V1.0.4_samd_rebug_switchme_m0_4384d558e90a380b2d87b61af40e917a\core.a(SERCOM.cpp.o)
                0x000031ac                SERCOM::acknowledgeUARTError()
 .text._ZN6SERCOM12readDataUARTEv
                0x000031ba        0x8 C:\Users\Bryce\AppData\Local\Temp\arduino\sketches\186A69DA793391A1BCFAFD0DADF0B8D3/..\..\cores\Rebug V1.0.4_samd_rebug_switchme_m0_4384d558e90a380b2d87b61af40e917a\core.a(SERCOM.cpp.o)
                0x000031ba                SERCOM::readDataUART()
 .text._ZN6SERCOM13writeDataUARTEh
                0x000031c2        0xe C:\Users\Bryce\AppData\Local\Temp\arduino\sketches\186A69DA793391A1BCFAFD0DADF0B8D3/..\..\cores\Rebug V1.0.4_samd_rebug_switchme_m0_4384d558e90a380b2d87b61af40e917a\core.a(SERCOM.cpp.o)
                0x000031c2                SERCOM::writeDataUART(unsigned char)
 .text._ZN6SERCOM13initClockNVICEv
                0x000031d0       0x8c C:\Users\Bryce\AppData\Local\Temp\arduino\sketches\186A69DA793391A1BCFAFD0DADF0B8D3/..\..\cores\Rebug V1.0.4_samd_rebug_switchme_m0_4384d558e90a380b2d87b61af40e917a\core.a(SERCOM.cpp.o)
                0x000031d0                SERCOM::initClockNVIC()
 .text._ZN6SERCOM8initUARTE14SercomUartMode20SercomUartSampleRatem
                0x0000325c       0x6c C:\Users\Bryce\AppData\Local\Temp\arduino\sketches\186A69DA793391A1BCFAFD0DADF0B8D3/..\..\cores\Rebug V1.0.4_samd_rebug_switchme_m0_4384d558e90a380b2d87b61af40e917a\core.a(SERCOM.cpp.o)
                0x0000325c                SERCOM::initUART(SercomUartMode, SercomUartSampleRate, unsigned long)
 .text._ZN7Serial_17availableForWriteEv
                0x000032c8        0x4 C:\Users\Bryce\AppData\Local\Temp\arduino\sketches\186A69DA793391A1BCFAFD0DADF0B8D3/..\..\cores\Rebug V1.0.4_samd_rebug_switchme_m0_4384d558e90a380b2d87b61af40e917a\core.a(CDC.cpp.o)
                0x000032c8                Serial_::availableForWrite()
 .text._ZN7Serial_5writeEh
                0x000032cc       0x14 C:\Users\Bryce\AppData\Local\Temp\arduino\sketches\186A69DA793391A1BCFAFD0DADF0B8D3/..\..\cores\Rebug V1.0.4_samd_rebug_switchme_m0_4384d558e90a380b2d87b61af40e917a\core.a(CDC.cpp.o)
                0x000032cc                Serial_::write(unsigned char)
 .text._ZN7Serial_9availableEv
                0x000032e0        0xc C:\Users\Bryce\AppData\Local\Temp\arduino\sketches\186A69DA793391A1BCFAFD0DADF0B8D3/..\..\cores\Rebug V1.0.4_samd_rebug_switchme_m0_4384d558e90a380b2d87b61af40e917a\core.a(CDC.cpp.o)
                0x000032e0                Serial_::available()
 .text._ZN7Serial_5flushEv
                0x000032ec        0xc C:\Users\Bryce\AppData\Local\Temp\arduino\sketches\186A69DA793391A1BCFAFD0DADF0B8D3/..\..\cores\Rebug V1.0.4_samd_rebug_switchme_m0_4384d558e90a380b2d87b61af40e917a\core.a(CDC.cpp.o)
                0x000032ec                Serial_::flush()
 .text._ZN7Serial_5writeEPKhj
                0x000032f8       0x1c C:\Users\Bryce\AppData\Local\Temp\arduino\sketches\186A69DA793391A1BCFAFD0DADF0B8D3/..\..\cores\Rebug V1.0.4_samd_rebug_switchme_m0_4384d558e90a380b2d87b61af40e917a\core.a(CDC.cpp.o)
                0x000032f8                Serial_::write(unsigned char const*, unsigned int)
 .text._ZN7Serial_4peekEv
                0x00003314       0x1c C:\Users\Bryce\AppData\Local\Temp\arduino\sketches\186A69DA793391A1BCFAFD0DADF0B8D3/..\..\cores\Rebug V1.0.4_samd_rebug_switchme_m0_4384d558e90a380b2d87b61af40e917a\core.a(CDC.cpp.o)
                0x00003314                Serial_::peek()
 .text._ZN7Serial_4readEv
                0x00003330       0x24 C:\Users\Bryce\AppData\Local\Temp\arduino\sketches\186A69DA793391A1BCFAFD0DADF0B8D3/..\..\cores\Rebug V1.0.4_samd_rebug_switchme_m0_4384d558e90a380b2d87b61af40e917a\core.a(CDC.cpp.o)
                0x00003330                Serial_::read()
 .text._Z16CDC_GetInterfacePh
                0x00003354       0x1c C:\Users\Bryce\AppData\Local\Temp\arduino\sketches\186A69DA793391A1BCFAFD0DADF0B8D3/..\..\cores\Rebug V1.0.4_samd_rebug_switchme_m0_4384d558e90a380b2d87b61af40e917a\core.a(CDC.cpp.o)
                0x00003354                CDC_GetInterface(unsigned char*)
 .text._Z9CDC_SetupR8USBSetup
                0x00003370       0x80 C:\Users\Bryce\AppData\Local\Temp\arduino\sketches\186A69DA793391A1BCFAFD0DADF0B8D3/..\..\cores\Rebug V1.0.4_samd_rebug_switchme_m0_4384d558e90a380b2d87b61af40e917a\core.a(CDC.cpp.o)
                0x00003370                CDC_Setup(USBSetup&)
 .text._ZN7Serial_5beginEm
                0x000033f0        0x2 C:\Users\Bryce\AppData\Local\Temp\arduino\sketches\186A69DA793391A1BCFAFD0DADF0B8D3/..\..\cores\Rebug V1.0.4_samd_rebug_switchme_m0_4384d558e90a380b2d87b61af40e917a\core.a(CDC.cpp.o)
                0x000033f0                Serial_::begin(unsigned long)
 *fill*         0x000033f2        0x2 
 .text.startup._GLOBAL__sub_I__Z17_CDC_GetInterfacev
                0x000033f4       0x28 C:\Users\Bryce\AppData\Local\Temp\arduino\sketches\186A69DA793391A1BCFAFD0DADF0B8D3/..\..\cores\Rebug V1.0.4_samd_rebug_switchme_m0_4384d558e90a380b2d87b61af40e917a\core.a(CDC.cpp.o)
 .text._ZN14USBDeviceClass6initEPEmm.part.4
                0x0000341c       0x80 C:\Users\Bryce\AppData\Local\Temp\arduino\sketches\186A69DA793391A1BCFAFD0DADF0B8D3/..\..\cores\Rebug V1.0.4_samd_rebug_switchme_m0_4384d558e90a380b2d87b61af40e917a\core.a(USBCore.cpp.o)
 .text._ZN20USBDevice_SAMD21G18x5resetEv
                0x0000349c       0x28 C:\Users\Bryce\AppData\Local\Temp\arduino\sketches\186A69DA793391A1BCFAFD0DADF0B8D3/..\..\cores\Rebug V1.0.4_samd_rebug_switchme_m0_4384d558e90a380b2d87b61af40e917a\core.a(USBCore.cpp.o)
                0x0000349c                USBDevice_SAMD21G18x::reset()
 .text._ZN20USBDevice_SAMD21G18x9calibrateEv
                0x000034c4       0x5c C:\Users\Bryce\AppData\Local\Temp\arduino\sketches\186A69DA793391A1BCFAFD0DADF0B8D3/..\..\cores\Rebug V1.0.4_samd_rebug_switchme_m0_4384d558e90a380b2d87b61af40e917a\core.a(USBCore.cpp.o)
                0x000034c4                USBDevice_SAMD21G18x::calibrate()
 .text._ZN7__GuardC2Ev
                0x00003520        0xe C:\Users\Bryce\AppData\Local\Temp\arduino\sketches\186A69DA793391A1BCFAFD0DADF0B8D3/..\..\cores\Rebug V1.0.4_samd_rebug_switchme_m0_4384d558e90a380b2d87b61af40e917a\core.a(USBCore.cpp.o)
                0x00003520                __Guard::__Guard()
                0x00003520                __Guard::__Guard()
 .text._ZN7__GuardD2Ev
                0x0000352e        0xe C:\Users\Bryce\AppData\Local\Temp\arduino\sketches\186A69DA793391A1BCFAFD0DADF0B8D3/..\..\cores\Rebug V1.0.4_samd_rebug_switchme_m0_4384d558e90a380b2d87b61af40e917a\core.a(USBCore.cpp.o)
                0x0000352e                __Guard::~__Guard()
                0x0000352e                __Guard::~__Guard()
 .text._ZNK26DoubleBufferedEPOutHandler9availableEv
                0x0000353c       0x5e C:\Users\Bryce\AppData\Local\Temp\arduino\sketches\186A69DA793391A1BCFAFD0DADF0B8D3/..\..\cores\Rebug V1.0.4_samd_rebug_switchme_m0_4384d558e90a380b2d87b61af40e917a\core.a(USBCore.cpp.o)
                0x0000353c                DoubleBufferedEPOutHandler::available() const
 *fill*         0x0000359a        0x2 
 .text._ZN26DoubleBufferedEPOutHandler7releaseEv
                0x0000359c       0x58 C:\Users\Bryce\AppData\Local\Temp\arduino\sketches\186A69DA793391A1BCFAFD0DADF0B8D3/..\..\cores\Rebug V1.0.4_samd_rebug_switchme_m0_4384d558e90a380b2d87b61af40e917a\core.a(USBCore.cpp.o)
                0x0000359c                DoubleBufferedEPOutHandler::release()
 .text._ZN26DoubleBufferedEPOutHandler4recvEPvm
                0x000035f4      0x11c C:\Users\Bryce\AppData\Local\Temp\arduino\sketches\186A69DA793391A1BCFAFD0DADF0B8D3/..\..\cores\Rebug V1.0.4_samd_rebug_switchme_m0_4384d558e90a380b2d87b61af40e917a\core.a(USBCore.cpp.o)
                0x000035f4                DoubleBufferedEPOutHandler::recv(void*, unsigned long)
 .text._ZN26DoubleBufferedEPOutHandler14handleEndpointEv
                0x00003710       0xc4 C:\Users\Bryce\AppData\Local\Temp\arduino\sketches\186A69DA793391A1BCFAFD0DADF0B8D3/..\..\cores\Rebug V1.0.4_samd_rebug_switchme_m0_4384d558e90a380b2d87b61af40e917a\core.a(USBCore.cpp.o)
                0x00003710                DoubleBufferedEPOutHandler::handleEndpoint()
 .text._ZN14USBDeviceClass14SendInterfacesEPm
                0x000037d4       0x2c C:\Users\Bryce\AppData\Local\Temp\arduino\sketches\186A69DA793391A1BCFAFD0DADF0B8D3/..\..\cores\Rebug V1.0.4_samd_rebug_switchme_m0_4384d558e90a380b2d87b61af40e917a\core.a(USBCore.cpp.o)
                0x000037d4                USBDeviceClass::SendInterfaces(unsigned long*)
 .text._ZN14USBDeviceClass14handleEndpointEh
                0x00003800       0x40 C:\Users\Bryce\AppData\Local\Temp\arduino\sketches\186A69DA793391A1BCFAFD0DADF0B8D3/..\..\cores\Rebug V1.0.4_samd_rebug_switchme_m0_4384d558e90a380b2d87b61af40e917a\core.a(USBCore.cpp.o)
                0x00003800                USBDeviceClass::handleEndpoint(unsigned char)
 .text._ZN14USBDeviceClass4initEv
                0x00003840       0xf0 C:\Users\Bryce\AppData\Local\Temp\arduino\sketches\186A69DA793391A1BCFAFD0DADF0B8D3/..\..\cores\Rebug V1.0.4_samd_rebug_switchme_m0_4384d558e90a380b2d87b61af40e917a\core.a(USBCore.cpp.o)
                0x00003840                USBDeviceClass::init()
 .text._ZN14USBDeviceClass6attachEv
                0x00003930       0x34 C:\Users\Bryce\AppData\Local\Temp\arduino\sketches\186A69DA793391A1BCFAFD0DADF0B8D3/..\..\cores\Rebug V1.0.4_samd_rebug_switchme_m0_4384d558e90a380b2d87b61af40e917a\core.a(USBCore.cpp.o)
                0x00003930                USBDeviceClass::attach()
 .text._ZN14USBDeviceClass10setAddressEm
                0x00003964       0x48 C:\Users\Bryce\AppData\Local\Temp\arduino\sketches\186A69DA793391A1BCFAFD0DADF0B8D3/..\..\cores\Rebug V1.0.4_samd_rebug_switchme_m0_4384d558e90a380b2d87b61af40e917a\core.a(USBCore.cpp.o)
                0x00003964                USBDeviceClass::setAddress(unsigned long)
 .text._ZN14USBDeviceClass25handleClassInterfaceSetupER8USBSetup
                0x000039ac       0x40 C:\Users\Bryce\AppData\Local\Temp\arduino\sketches\186A69DA793391A1BCFAFD0DADF0B8D3/..\..\cores\Rebug V1.0.4_samd_rebug_switchme_m0_4384d558e90a380b2d87b61af40e917a\core.a(USBCore.cpp.o)
                0x000039ac                USBDeviceClass::handleClassInterfaceSetup(USBSetup&)
 .text._ZN14USBDeviceClass6initEPEmm
                0x000039ec      0x128 C:\Users\Bryce\AppData\Local\Temp\arduino\sketches\186A69DA793391A1BCFAFD0DADF0B8D3/..\..\cores\Rebug V1.0.4_samd_rebug_switchme_m0_4384d558e90a380b2d87b61af40e917a\core.a(USBCore.cpp.o)
                0x000039ec                USBDeviceClass::initEP(unsigned long, unsigned long)
 .text._ZN14USBDeviceClass13initEndpointsEv
                0x00003b14       0x24 C:\Users\Bryce\AppData\Local\Temp\arduino\sketches\186A69DA793391A1BCFAFD0DADF0B8D3/..\..\cores\Rebug V1.0.4_samd_rebug_switchme_m0_4384d558e90a380b2d87b61af40e917a\core.a(USBCore.cpp.o)
                0x00003b14                USBDeviceClass::initEndpoints()
 .text._ZN14USBDeviceClass9availableEm
                0x00003b38       0x2c C:\Users\Bryce\AppData\Local\Temp\arduino\sketches\186A69DA793391A1BCFAFD0DADF0B8D3/..\..\cores\Rebug V1.0.4_samd_rebug_switchme_m0_4384d558e90a380b2d87b61af40e917a\core.a(USBCore.cpp.o)
                0x00003b38                USBDeviceClass::available(unsigned long)
 .text._ZN14USBDeviceClass5flushEm
                0x00003b64       0x2c C:\Users\Bryce\AppData\Local\Temp\arduino\sketches\186A69DA793391A1BCFAFD0DADF0B8D3/..\..\cores\Rebug V1.0.4_samd_rebug_switchme_m0_4384d558e90a380b2d87b61af40e917a\core.a(USBCore.cpp.o)
                0x00003b64                USBDeviceClass::flush(unsigned long)
 .text._ZN14USBDeviceClass14armRecvCtrlOUTEm
                0x00003b90       0x60 C:\Users\Bryce\AppData\Local\Temp\arduino\sketches\186A69DA793391A1BCFAFD0DADF0B8D3/..\..\cores\Rebug V1.0.4_samd_rebug_switchme_m0_4384d558e90a380b2d87b61af40e917a\core.a(USBCore.cpp.o)
                0x00003b90                USBDeviceClass::armRecvCtrlOUT(unsigned long)
 .text._ZN14USBDeviceClass11recvControlEPvm
                0x00003bf0       0x3c C:\Users\Bryce\AppData\Local\Temp\arduino\sketches\186A69DA793391A1BCFAFD0DADF0B8D3/..\..\cores\Rebug V1.0.4_samd_rebug_switchme_m0_4384d558e90a380b2d87b61af40e917a\core.a(USBCore.cpp.o)
                0x00003bf0                USBDeviceClass::recvControl(void*, unsigned long)
 .text._ZN14USBDeviceClass7armRecvEm
                0x00003c2c       0x3c C:\Users\Bryce\AppData\Local\Temp\arduino\sketches\186A69DA793391A1BCFAFD0DADF0B8D3/..\..\cores\Rebug V1.0.4_samd_rebug_switchme_m0_4384d558e90a380b2d87b61af40e917a\core.a(USBCore.cpp.o)
                0x00003c2c                USBDeviceClass::armRecv(unsigned long)
 .text._ZN14USBDeviceClass4recvEmPvm
                0x00003c68       0xd8 C:\Users\Bryce\AppData\Local\Temp\arduino\sketches\186A69DA793391A1BCFAFD0DADF0B8D3/..\..\cores\Rebug V1.0.4_samd_rebug_switchme_m0_4384d558e90a380b2d87b61af40e917a\core.a(USBCore.cpp.o)
                0x00003c68                USBDeviceClass::recv(unsigned long, void*, unsigned long)
 .text._ZN14USBDeviceClass4recvEm
                0x00003d40       0x1c C:\Users\Bryce\AppData\Local\Temp\arduino\sketches\186A69DA793391A1BCFAFD0DADF0B8D3/..\..\cores\Rebug V1.0.4_samd_rebug_switchme_m0_4384d558e90a380b2d87b61af40e917a\core.a(USBCore.cpp.o)
                0x00003d40                USBDeviceClass::recv(unsigned long)
 .text._ZN14USBDeviceClass4sendEmPKvm
                0x00003d5c      0x124 C:\Users\Bryce\AppData\Local\Temp\arduino\sketches\186A69DA793391A1BCFAFD0DADF0B8D3/..\..\cores\Rebug V1.0.4_samd_rebug_switchme_m0_4384d558e90a380b2d87b61af40e917a\core.a(USBCore.cpp.o)
                0x00003d5c                USBDeviceClass::send(unsigned long, void const*, unsigned long)
 .text._ZN14USBDeviceClass7armSendEmPKvm
                0x00003e80       0x48 C:\Users\Bryce\AppData\Local\Temp\arduino\sketches\186A69DA793391A1BCFAFD0DADF0B8D3/..\..\cores\Rebug V1.0.4_samd_rebug_switchme_m0_4384d558e90a380b2d87b61af40e917a\core.a(USBCore.cpp.o)
                0x00003e80                USBDeviceClass::armSend(unsigned long, void const*, unsigned long)
 .text._ZN14USBDeviceClass11sendControlEPKvm
                0x00003ec8       0x58 C:\Users\Bryce\AppData\Local\Temp\arduino\sketches\186A69DA793391A1BCFAFD0DADF0B8D3/..\..\cores\Rebug V1.0.4_samd_rebug_switchme_m0_4384d558e90a380b2d87b61af40e917a\core.a(USBCore.cpp.o)
                0x00003ec8                USBDeviceClass::sendControl(void const*, unsigned long)
 .text._ZN14USBDeviceClass20sendStringDescriptorEPKhh
                0x00003f20       0x68 C:\Users\Bryce\AppData\Local\Temp\arduino\sketches\186A69DA793391A1BCFAFD0DADF0B8D3/..\..\cores\Rebug V1.0.4_samd_rebug_switchme_m0_4384d558e90a380b2d87b61af40e917a\core.a(USBCore.cpp.o)
                0x00003f20                USBDeviceClass::sendStringDescriptor(unsigned char const*, unsigned char)
 .text._ZN14USBDeviceClass12packMessagesEb.part.6
                0x00003f88       0x20 C:\Users\Bryce\AppData\Local\Temp\arduino\sketches\186A69DA793391A1BCFAFD0DADF0B8D3/..\..\cores\Rebug V1.0.4_samd_rebug_switchme_m0_4384d558e90a380b2d87b61af40e917a\core.a(USBCore.cpp.o)
 .text._ZN14USBDeviceClass17sendConfigurationEm
                0x00003fa8       0x90 C:\Users\Bryce\AppData\Local\Temp\arduino\sketches\186A69DA793391A1BCFAFD0DADF0B8D3/..\..\cores\Rebug V1.0.4_samd_rebug_switchme_m0_4384d558e90a380b2d87b61af40e917a\core.a(USBCore.cpp.o)
                0x00003fa8                USBDeviceClass::sendConfiguration(unsigned long)
 .text._ZN14USBDeviceClass14sendDescriptorER8USBSetup
                0x00004038       0xb4 C:\Users\Bryce\AppData\Local\Temp\arduino\sketches\186A69DA793391A1BCFAFD0DADF0B8D3/..\..\cores\Rebug V1.0.4_samd_rebug_switchme_m0_4384d558e90a380b2d87b61af40e917a\core.a(USBCore.cpp.o)
                0x00004038                USBDeviceClass::sendDescriptor(USBSetup&)
 .text._ZN14USBDeviceClass19handleStandardSetupER8USBSetup
                0x000040ec      0x118 C:\Users\Bryce\AppData\Local\Temp\arduino\sketches\186A69DA793391A1BCFAFD0DADF0B8D3/..\..\cores\Rebug V1.0.4_samd_rebug_switchme_m0_4384d558e90a380b2d87b61af40e917a\core.a(USBCore.cpp.o)
                0x000040ec                USBDeviceClass::handleStandardSetup(USBSetup&)
 .text._ZN14USBDeviceClass10ISRHandlerEv
                0x00004204      0x150 C:\Users\Bryce\AppData\Local\Temp\arduino\sketches\186A69DA793391A1BCFAFD0DADF0B8D3/..\..\cores\Rebug V1.0.4_samd_rebug_switchme_m0_4384d558e90a380b2d87b61af40e917a\core.a(USBCore.cpp.o)
                0x00004204                USBDeviceClass::ISRHandler()
 .text.UDD_Handler
                0x00004354       0x10 C:\Users\Bryce\AppData\Local\Temp\arduino\sketches\186A69DA793391A1BCFAFD0DADF0B8D3/..\..\cores\Rebug V1.0.4_samd_rebug_switchme_m0_4384d558e90a380b2d87b61af40e917a\core.a(USBCore.cpp.o)
                0x00004354                UDD_Handler
 .text.startup._GLOBAL__sub_I__ZN20USBDevice_SAMD21G18x5resetEv
                0x00004364       0x10 C:\Users\Bryce\AppData\Local\Temp\arduino\sketches\186A69DA793391A1BCFAFD0DADF0B8D3/..\..\cores\Rebug V1.0.4_samd_rebug_switchme_m0_4384d558e90a380b2d87b61af40e917a\core.a(USBCore.cpp.o)
 .text.UHD_Handler
                0x00004374       0x70 C:\Users\Bryce\AppData\Local\Temp\arduino\sketches\186A69DA793391A1BCFAFD0DADF0B8D3/..\..\cores\Rebug V1.0.4_samd_rebug_switchme_m0_4384d558e90a380b2d87b61af40e917a\core.a(samd21_host.c.o)
                0x00004374                UHD_Handler
 .text.UHD_Init
                0x000043e4      0x144 C:\Users\Bryce\AppData\Local\Temp\arduino\sketches\186A69DA793391A1BCFAFD0DADF0B8D3/..\..\cores\Rebug V1.0.4_samd_rebug_switchme_m0_4384d558e90a380b2d87b61af40e917a\core.a(samd21_host.c.o)
                0x000043e4                UHD_Init
 .text.UHD_GetVBUSState
                0x00004528        0xc C:\Users\Bryce\AppData\Local\Temp\arduino\sketches\186A69DA793391A1BCFAFD0DADF0B8D3/..\..\cores\Rebug V1.0.4_samd_rebug_switchme_m0_4384d558e90a380b2d87b61af40e917a\core.a(samd21_host.c.o)
                0x00004528                UHD_GetVBUSState
 .text.UHD_Pipe0_Alloc
                0x00004534       0x50 C:\Users\Bryce\AppData\Local\Temp\arduino\sketches\186A69DA793391A1BCFAFD0DADF0B8D3/..\..\cores\Rebug V1.0.4_samd_rebug_switchme_m0_4384d558e90a380b2d87b61af40e917a\core.a(samd21_host.c.o)
                0x00004534                UHD_Pipe0_Alloc
 .text.UHD_Pipe_Alloc
                0x00004584       0xcc C:\Users\Bryce\AppData\Local\Temp\arduino\sketches\186A69DA793391A1BCFAFD0DADF0B8D3/..\..\cores\Rebug V1.0.4_samd_rebug_switchme_m0_4384d558e90a380b2d87b61af40e917a\core.a(samd21_host.c.o)
                0x00004584                UHD_Pipe_Alloc
 .text.UHD_Pipe_CountZero
                0x00004650       0x14 C:\Users\Bryce\AppData\Local\Temp\arduino\sketches\186A69DA793391A1BCFAFD0DADF0B8D3/..\..\cores\Rebug V1.0.4_samd_rebug_switchme_m0_4384d558e90a380b2d87b61af40e917a\core.a(samd21_host.c.o)
                0x00004650                UHD_Pipe_CountZero
 .text.UHD_Pipe_Write
                0x00004664       0x28 C:\Users\Bryce\AppData\Local\Temp\arduino\sketches\186A69DA793391A1BCFAFD0DADF0B8D3/..\..\cores\Rebug V1.0.4_samd_rebug_switchme_m0_4384d558e90a380b2d87b61af40e917a\core.a(samd21_host.c.o)
                0x00004664                UHD_Pipe_Write
 .text.UHD_Pipe_Send
                0x0000468c       0x58 C:\Users\Bryce\AppData\Local\Temp\arduino\sketches\186A69DA793391A1BCFAFD0DADF0B8D3/..\..\cores\Rebug V1.0.4_samd_rebug_switchme_m0_4384d558e90a380b2d87b61af40e917a\core.a(samd21_host.c.o)
                0x0000468c                UHD_Pipe_Send
 .text.UHD_Pipe_Is_Transfer_Complete
                0x000046e4       0x5c C:\Users\Bryce\AppData\Local\Temp\arduino\sketches\186A69DA793391A1BCFAFD0DADF0B8D3/..\..\cores\Rebug V1.0.4_samd_rebug_switchme_m0_4384d558e90a380b2d87b61af40e917a\core.a(samd21_host.c.o)
                0x000046e4                UHD_Pipe_Is_Transfer_Complete
 .text._ZN4UartcvbEv
                0x00004740        0x4 C:\Users\Bryce\AppData\Local\Temp\arduino\sketches\186A69DA793391A1BCFAFD0DADF0B8D3/..\..\cores\Rebug V1.0.4_samd_rebug_switchme_m0_4384d558e90a380b2d87b61af40e917a\core.a(Uart.cpp.o)
                0x00004740                Uart::operator bool()
 .text._ZN4Uart5beginEm
                0x00004744       0x10 C:\Users\Bryce\AppData\Local\Temp\arduino\sketches\186A69DA793391A1BCFAFD0DADF0B8D3/..\..\cores\Rebug V1.0.4_samd_rebug_switchme_m0_4384d558e90a380b2d87b61af40e917a\core.a(Uart.cpp.o)
                0x00004744                Uart::begin(unsigned long)
 .text._ZN4Uart3endEv
                0x00004754       0x14 C:\Users\Bryce\AppData\Local\Temp\arduino\sketches\186A69DA793391A1BCFAFD0DADF0B8D3/..\..\cores\Rebug V1.0.4_samd_rebug_switchme_m0_4384d558e90a380b2d87b61af40e917a\core.a(Uart.cpp.o)
                0x00004754                Uart::end()
 .text._ZN4Uart5flushEv
                0x00004768        0xa C:\Users\Bryce\AppData\Local\Temp\arduino\sketches\186A69DA793391A1BCFAFD0DADF0B8D3/..\..\cores\Rebug V1.0.4_samd_rebug_switchme_m0_4384d558e90a380b2d87b61af40e917a\core.a(Uart.cpp.o)
                0x00004768                Uart::flush()
 .text._ZN4Uart9availableEv
                0x00004772        0xa C:\Users\Bryce\AppData\Local\Temp\arduino\sketches\186A69DA793391A1BCFAFD0DADF0B8D3/..\..\cores\Rebug V1.0.4_samd_rebug_switchme_m0_4384d558e90a380b2d87b61af40e917a\core.a(Uart.cpp.o)
                0x00004772                Uart::available()
 .text._ZN4Uart4peekEv
                0x0000477c        0xa C:\Users\Bryce\AppData\Local\Temp\arduino\sketches\186A69DA793391A1BCFAFD0DADF0B8D3/..\..\cores\Rebug V1.0.4_samd_rebug_switchme_m0_4384d558e90a380b2d87b61af40e917a\core.a(Uart.cpp.o)
                0x0000477c                Uart::peek()
 .text._ZN4Uart4readEv
                0x00004786        0xa C:\Users\Bryce\AppData\Local\Temp\arduino\sketches\186A69DA793391A1BCFAFD0DADF0B8D3/..\..\cores\Rebug V1.0.4_samd_rebug_switchme_m0_4384d558e90a380b2d87b61af40e917a\core.a(Uart.cpp.o)
                0x00004786                Uart::read()
 .text._ZN4Uart5writeEh
                0x00004790        0xc C:\Users\Bryce\AppData\Local\Temp\arduino\sketches\186A69DA793391A1BCFAFD0DADF0B8D3/..\..\cores\Rebug V1.0.4_samd_rebug_switchme_m0_4384d558e90a380b2d87b61af40e917a\core.a(Uart.cpp.o)
                0x00004790                Uart::write(unsigned char)
 .text._ZN4UartC2EP6SERCOMhh11SercomRXPad15SercomUartTXPad
                0x0000479c       0x48 C:\Users\Bryce\AppData\Local\Temp\arduino\sketches\186A69DA793391A1BCFAFD0DADF0B8D3/..\..\cores\Rebug V1.0.4_samd_rebug_switchme_m0_4384d558e90a380b2d87b61af40e917a\core.a(Uart.cpp.o)
                0x0000479c                Uart::Uart(SERCOM*, unsigned char, unsigned char, SercomRXPad, SercomUartTXPad)
                0x0000479c                Uart::Uart(SERCOM*, unsigned char, unsigned char, SercomRXPad, SercomUartTXPad)
 .text._ZN4Uart10IrqHandlerEv
                0x000047e4       0x36 C:\Users\Bryce\AppData\Local\Temp\arduino\sketches\186A69DA793391A1BCFAFD0DADF0B8D3/..\..\cores\Rebug V1.0.4_samd_rebug_switchme_m0_4384d558e90a380b2d87b61af40e917a\core.a(Uart.cpp.o)
                0x000047e4                Uart::IrqHandler()
 .text._ZN4Uart16extractNbStopBitEt
                0x0000481a        0xe C:\Users\Bryce\AppData\Local\Temp\arduino\sketches\186A69DA793391A1BCFAFD0DADF0B8D3/..\..\cores\Rebug V1.0.4_samd_rebug_switchme_m0_4384d558e90a380b2d87b61af40e917a\core.a(Uart.cpp.o)
                0x0000481a                Uart::extractNbStopBit(unsigned short)
 .text._ZN4Uart15extractCharSizeEt
                0x00004828       0x2c C:\Users\Bryce\AppData\Local\Temp\arduino\sketches\186A69DA793391A1BCFAFD0DADF0B8D3/..\..\cores\Rebug V1.0.4_samd_rebug_switchme_m0_4384d558e90a380b2d87b61af40e917a\core.a(Uart.cpp.o)
                0x00004828                Uart::extractCharSize(unsigned short)
 .text._ZN4Uart13extractParityEt
                0x00004854       0x18 C:\Users\Bryce\AppData\Local\Temp\arduino\sketches\186A69DA793391A1BCFAFD0DADF0B8D3/..\..\cores\Rebug V1.0.4_samd_rebug_switchme_m0_4384d558e90a380b2d87b61af40e917a\core.a(Uart.cpp.o)
                0x00004854                Uart::extractParity(unsigned short)
 .text._ZN4Uart5beginEmt
                0x0000486c       0x88 C:\Users\Bryce\AppData\Local\Temp\arduino\sketches\186A69DA793391A1BCFAFD0DADF0B8D3/..\..\cores\Rebug V1.0.4_samd_rebug_switchme_m0_4384d558e90a380b2d87b61af40e917a\core.a(Uart.cpp.o)
                0x0000486c                Uart::begin(unsigned long, unsigned short)
 .text.Dummy_Handler
                0x000048f4        0x2 C:\Users\Bryce\AppData\Local\Temp\arduino\sketches\186A69DA793391A1BCFAFD0DADF0B8D3/..\..\cores\Rebug V1.0.4_samd_rebug_switchme_m0_4384d558e90a380b2d87b61af40e917a\core.a(cortex_handlers.c.o)
                0x000048f4                DMAC_Handler
                0x000048f4                HardFault_Handler
                0x000048f4                AC_Handler
                0x000048f4                PendSV_Handler
                0x000048f4                NMI_Handler
                0x000048f4                TC7_Handler
                0x000048f4                SERCOM1_Handler
                0x000048f4                ADC_Handler
                0x000048f4                TCC1_Handler
                0x000048f4                SERCOM2_Handler
                0x000048f4                TCC0_Handler
                0x000048f4                RTC_Handler
                0x000048f4                EIC_Handler
                0x000048f4                TC6_Handler
                0x000048f4                WDT_Handler
                0x000048f4                TC4_Handler
                0x000048f4                TC3_Handler
                0x000048f4                Dummy_Handler
                0x000048f4                PM_Handler
                0x000048f4                SERCOM5_Handler
                0x000048f4                SVC_Handler
                0x000048f4                TCC2_Handler
                0x000048f4                EVSYS_Handler
                0x000048f4                SERCOM3_Handler
                0x000048f4                SERCOM4_Handler
                0x000048f4                I2S_Handler
                0x000048f4                NVMCTRL_Handler
                0x000048f4                DAC_Handler
                0x000048f4                PTC_Handler
                0x000048f4                SYSCTRL_Handler
 *fill*         0x000048f6        0x2 
 .text.USB_Handler
                0x000048f8       0x14 C:\Users\Bryce\AppData\Local\Temp\arduino\sketches\186A69DA793391A1BCFAFD0DADF0B8D3/..\..\cores\Rebug V1.0.4_samd_rebug_switchme_m0_4384d558e90a380b2d87b61af40e917a\core.a(cortex_handlers.c.o)
                0x000048f8                USB_Handler
 .text.Reset_Handler
                0x0000490c       0x54 C:\Users\Bryce\AppData\Local\Temp\arduino\sketches\186A69DA793391A1BCFAFD0DADF0B8D3/..\..\cores\Rebug V1.0.4_samd_rebug_switchme_m0_4384d558e90a380b2d87b61af40e917a\core.a(cortex_handlers.c.o)
                0x0000490c                Reset_Handler
 .text.SysTick_Handler
                0x00004960       0x10 C:\Users\Bryce\AppData\Local\Temp\arduino\sketches\186A69DA793391A1BCFAFD0DADF0B8D3/..\..\cores\Rebug V1.0.4_samd_rebug_switchme_m0_4384d558e90a380b2d87b61af40e917a\core.a(cortex_handlers.c.o)
                0x00004960                SysTick_Handler
 .text.USB_SetHandler
                0x00004970        0xc C:\Users\Bryce\AppData\Local\Temp\arduino\sketches\186A69DA793391A1BCFAFD0DADF0B8D3/..\..\cores\Rebug V1.0.4_samd_rebug_switchme_m0_4384d558e90a380b2d87b61af40e917a\core.a(cortex_handlers.c.o)
                0x00004970                USB_SetHandler
 .text.millis   0x0000497c        0xc C:\Users\Bryce\AppData\Local\Temp\arduino\sketches\186A69DA793391A1BCFAFD0DADF0B8D3/..\..\cores\Rebug V1.0.4_samd_rebug_switchme_m0_4384d558e90a380b2d87b61af40e917a\core.a(delay.c.o)
                0x0000497c                millis
 .text.delay    0x00004988       0x20 C:\Users\Bryce\AppData\Local\Temp\arduino\sketches\186A69DA793391A1BCFAFD0DADF0B8D3/..\..\cores\Rebug V1.0.4_samd_rebug_switchme_m0_4384d558e90a380b2d87b61af40e917a\core.a(delay.c.o)
                0x00004988                delay
 .text.SysTick_DefaultHandler
                0x000049a8       0x14 C:\Users\Bryce\AppData\Local\Temp\arduino\sketches\186A69DA793391A1BCFAFD0DADF0B8D3/..\..\cores\Rebug V1.0.4_samd_rebug_switchme_m0_4384d558e90a380b2d87b61af40e917a\core.a(delay.c.o)
                0x000049a8                SysTick_DefaultHandler
 .text.__empty  0x000049bc        0x2 C:\Users\Bryce\AppData\Local\Temp\arduino\sketches\186A69DA793391A1BCFAFD0DADF0B8D3/..\..\cores\Rebug V1.0.4_samd_rebug_switchme_m0_4384d558e90a380b2d87b61af40e917a\core.a(hooks.c.o)
                0x000049bc                yield
 .text.__false  0x000049be        0x4 C:\Users\Bryce\AppData\Local\Temp\arduino\sketches\186A69DA793391A1BCFAFD0DADF0B8D3/..\..\cores\Rebug V1.0.4_samd_rebug_switchme_m0_4384d558e90a380b2d87b61af40e917a\core.a(hooks.c.o)
                0x000049be                sysTickHook
 .text._Z11initVariantv
                0x000049c2        0x2 C:\Users\Bryce\AppData\Local\Temp\arduino\sketches\186A69DA793391A1BCFAFD0DADF0B8D3/..\..\cores\Rebug V1.0.4_samd_rebug_switchme_m0_4384d558e90a380b2d87b61af40e917a\core.a(main.cpp.o)
                0x000049c2                initVariant()
 .text.startup.main
                0x000049c4       0x40 C:\Users\Bryce\AppData\Local\Temp\arduino\sketches\186A69DA793391A1BCFAFD0DADF0B8D3/..\..\cores\Rebug V1.0.4_samd_rebug_switchme_m0_4384d558e90a380b2d87b61af40e917a\core.a(main.cpp.o)
                0x000049c4                main
 .text._Znwj    0x00004a04        0x8 C:\Users\Bryce\AppData\Local\Temp\arduino\sketches\186A69DA793391A1BCFAFD0DADF0B8D3/..\..\cores\Rebug V1.0.4_samd_rebug_switchme_m0_4384d558e90a380b2d87b61af40e917a\core.a(new.cpp.o)
                0x00004a04                operator new(unsigned int)
 .text.SystemInit
                0x00004a0c      0x198 C:\Users\Bryce\AppData\Local\Temp\arduino\sketches\186A69DA793391A1BCFAFD0DADF0B8D3/..\..\cores\Rebug V1.0.4_samd_rebug_switchme_m0_4384d558e90a380b2d87b61af40e917a\core.a(startup.c.o)
                0x00004a0c                SystemInit
 .text.init     0x00004ba4       0xf0 C:\Users\Bryce\AppData\Local\Temp\arduino\sketches\186A69DA793391A1BCFAFD0DADF0B8D3/..\..\cores\Rebug V1.0.4_samd_rebug_switchme_m0_4384d558e90a380b2d87b61af40e917a\core.a(wiring.c.o)
                0x00004ba4                init
 .text.analogReference
                0x00004c94       0x5c C:\Users\Bryce\AppData\Local\Temp\arduino\sketches\186A69DA793391A1BCFAFD0DADF0B8D3/..\..\cores\Rebug V1.0.4_samd_rebug_switchme_m0_4384d558e90a380b2d87b61af40e917a\core.a(wiring_analog.c.o)
                0x00004c94                analogReference
 .text.pinMode  0x00004cf0       0xb4 C:\Users\Bryce\AppData\Local\Temp\arduino\sketches\186A69DA793391A1BCFAFD0DADF0B8D3/..\..\cores\Rebug V1.0.4_samd_rebug_switchme_m0_4384d558e90a380b2d87b61af40e917a\core.a(wiring_digital.c.o)
                0x00004cf0                pinMode
 .text.digitalWrite
                0x00004da4       0x60 C:\Users\Bryce\AppData\Local\Temp\arduino\sketches\186A69DA793391A1BCFAFD0DADF0B8D3/..\..\cores\Rebug V1.0.4_samd_rebug_switchme_m0_4384d558e90a380b2d87b61af40e917a\core.a(wiring_digital.c.o)
                0x00004da4                digitalWrite
 .text.pinPeripheral
                0x00004e04       0xc4 C:\Users\Bryce\AppData\Local\Temp\arduino\sketches\186A69DA793391A1BCFAFD0DADF0B8D3/..\..\cores\Rebug V1.0.4_samd_rebug_switchme_m0_4384d558e90a380b2d87b61af40e917a\core.a(wiring_private.c.o)
                0x00004e04                pinPeripheral
 .text.initiateReset
                0x00004ec8        0xc C:\Users\Bryce\AppData\Local\Temp\arduino\sketches\186A69DA793391A1BCFAFD0DADF0B8D3/..\..\cores\Rebug V1.0.4_samd_rebug_switchme_m0_4384d558e90a380b2d87b61af40e917a\core.a(Reset.cpp.o)
                0x00004ec8                initiateReset
 .text.cancelReset
                0x00004ed4       0x10 C:\Users\Bryce\AppData\Local\Temp\arduino\sketches\186A69DA793391A1BCFAFD0DADF0B8D3/..\..\cores\Rebug V1.0.4_samd_rebug_switchme_m0_4384d558e90a380b2d87b61af40e917a\core.a(Reset.cpp.o)
                0x00004ed4                cancelReset
 .text.tickReset
                0x00004ee4       0x60 C:\Users\Bryce\AppData\Local\Temp\arduino\sketches\186A69DA793391A1BCFAFD0DADF0B8D3/..\..\cores\Rebug V1.0.4_samd_rebug_switchme_m0_4384d558e90a380b2d87b61af40e917a\core.a(Reset.cpp.o)
                0x00004ee4                tickReset
 .text._ZN10RingBufferC2Ev
                0x00004f44       0x1a C:\Users\Bryce\AppData\Local\Temp\arduino\sketches\186A69DA793391A1BCFAFD0DADF0B8D3/..\..\cores\Rebug V1.0.4_samd_rebug_switchme_m0_4384d558e90a380b2d87b61af40e917a\core.a(RingBuffer.cpp.o)
                0x00004f44                RingBuffer::RingBuffer()
                0x00004f44                RingBuffer::RingBuffer()
 .text._ZN10RingBuffer10store_charEh
                0x00004f5e       0x24 C:\Users\Bryce\AppData\Local\Temp\arduino\sketches\186A69DA793391A1BCFAFD0DADF0B8D3/..\..\cores\Rebug V1.0.4_samd_rebug_switchme_m0_4384d558e90a380b2d87b61af40e917a\core.a(RingBuffer.cpp.o)
                0x00004f5e                RingBuffer::store_char(unsigned char)
 .text._ZN10RingBuffer5clearEv
                0x00004f82        0xe C:\Users\Bryce\AppData\Local\Temp\arduino\sketches\186A69DA793391A1BCFAFD0DADF0B8D3/..\..\cores\Rebug V1.0.4_samd_rebug_switchme_m0_4384d558e90a380b2d87b61af40e917a\core.a(RingBuffer.cpp.o)
                0x00004f82                RingBuffer::clear()
 .text._ZN10RingBuffer9read_charEv
                0x00004f90       0x28 C:\Users\Bryce\AppData\Local\Temp\arduino\sketches\186A69DA793391A1BCFAFD0DADF0B8D3/..\..\cores\Rebug V1.0.4_samd_rebug_switchme_m0_4384d558e90a380b2d87b61af40e917a\core.a(RingBuffer.cpp.o)
                0x00004f90                RingBuffer::read_char()
 .text._ZN10RingBuffer9availableEv
                0x00004fb8       0x12 C:\Users\Bryce\AppData\Local\Temp\arduino\sketches\186A69DA793391A1BCFAFD0DADF0B8D3/..\..\cores\Rebug V1.0.4_samd_rebug_switchme_m0_4384d558e90a380b2d87b61af40e917a\core.a(RingBuffer.cpp.o)
                0x00004fb8                RingBuffer::available()
 .text._ZN10RingBuffer4peekEv
                0x00004fca       0x1a C:\Users\Bryce\AppData\Local\Temp\arduino\sketches\186A69DA793391A1BCFAFD0DADF0B8D3/..\..\cores\Rebug V1.0.4_samd_rebug_switchme_m0_4384d558e90a380b2d87b61af40e917a\core.a(RingBuffer.cpp.o)
                0x00004fca                RingBuffer::peek()
 .text._ZN13PluggableUSB_12getInterfaceEPh
                0x00004fe4       0x2a C:\Users\Bryce\AppData\Local\Temp\arduino\sketches\186A69DA793391A1BCFAFD0DADF0B8D3/..\..\cores\Rebug V1.0.4_samd_rebug_switchme_m0_4384d558e90a380b2d87b61af40e917a\core.a(PluggableUSB.cpp.o)
                0x00004fe4                PluggableUSB_::getInterface(unsigned char*)
 .text._ZN13PluggableUSB_13getDescriptorER8USBSetup
                0x0000500e       0x20 C:\Users\Bryce\AppData\Local\Temp\arduino\sketches\186A69DA793391A1BCFAFD0DADF0B8D3/..\..\cores\Rebug V1.0.4_samd_rebug_switchme_m0_4384d558e90a380b2d87b61af40e917a\core.a(PluggableUSB.cpp.o)
                0x0000500e                PluggableUSB_::getDescriptor(USBSetup&)
 .text._ZN13PluggableUSB_12getShortNameEPc
                0x0000502e       0x1e C:\Users\Bryce\AppData\Local\Temp\arduino\sketches\186A69DA793391A1BCFAFD0DADF0B8D3/..\..\cores\Rebug V1.0.4_samd_rebug_switchme_m0_4384d558e90a380b2d87b61af40e917a\core.a(PluggableUSB.cpp.o)
                0x0000502e                PluggableUSB_::getShortName(char*)
 .text._ZN13PluggableUSB_5setupER8USBSetup
                0x0000504c       0x24 C:\Users\Bryce\AppData\Local\Temp\arduino\sketches\186A69DA793391A1BCFAFD0DADF0B8D3/..\..\cores\Rebug V1.0.4_samd_rebug_switchme_m0_4384d558e90a380b2d87b61af40e917a\core.a(PluggableUSB.cpp.o)
                0x0000504c                PluggableUSB_::setup(USBSetup&)
 .text._Z12PluggableUSBv
                0x00005070       0x24 C:\Users\Bryce\AppData\Local\Temp\arduino\sketches\186A69DA793391A1BCFAFD0DADF0B8D3/..\..\cores\Rebug V1.0.4_samd_rebug_switchme_m0_4384d558e90a380b2d87b61af40e917a\core.a(PluggableUSB.cpp.o)
                0x00005070                PluggableUSB()
 .text          0x00005094       0x14 c:/users/bryce/appdata/local/arduino15/packages/arduino/tools/arm-none-eabi-gcc/4.8.3-2014q1/bin/../lib/gcc/arm-none-eabi/4.8.3/armv6-m\libgcc.a(_thumb1_case_uqi.o)
                0x00005094                __gnu_thumb1_case_uqi
 .text          0x000050a8       0x9c c:/users/bryce/appdata/local/arduino15/packages/arduino/tools/arm-none-eabi-gcc/4.8.3-2014q1/bin/../lib/gcc/arm-none-eabi/4.8.3/armv6-m\libgcc.a(_udivsi3.o)
                0x000050a8                __aeabi_uidiv
                0x000050a8                __udivsi3
                0x00005130                __aeabi_uidivmod
 .text          0x00005144        0x4 c:/users/bryce/appdata/local/arduino15/packages/arduino/tools/arm-none-eabi-gcc/4.8.3-2014q1/bin/../lib/gcc/arm-none-eabi/4.8.3/armv6-m\libgcc.a(_dvmd_tls.o)
                0x00005144                __aeabi_idiv0
                0x00005144                __aeabi_ldiv0
 .text.__libc_init_array
                0x00005148       0x4c c:/users/bryce/appdata/local/arduino15/packages/arduino/tools/arm-none-eabi-gcc/4.8.3-2014q1/bin/../lib/gcc/arm-none-eabi/4.8.3/../../../../arm-none-eabi/lib/armv6-m\libc_s.a(lib_a-init.o)
                0x00005148                __libc_init_array
 .text.malloc   0x00005194       0x14 c:/users/bryce/appdata/local/arduino15/packages/arduino/tools/arm-none-eabi-gcc/4.8.3-2014q1/bin/../lib/gcc/arm-none-eabi/4.8.3/../../../../arm-none-eabi/lib/armv6-m\libc_s.a(lib_a-malloc.o)
                0x00005194                malloc
 .text.memcpy   0x000051a8       0x12 c:/users/bryce/appdata/local/arduino15/packages/arduino/tools/arm-none-eabi-gcc/4.8.3-2014q1/bin/../lib/gcc/arm-none-eabi/4.8.3/../../../../arm-none-eabi/lib/armv6-m\libc_s.a(lib_a-memcpy-stub.o)
                0x000051a8                memcpy
 .text.memset   0x000051ba       0x10 c:/users/bryce/appdata/local/arduino15/packages/arduino/tools/arm-none-eabi-gcc/4.8.3-2014q1/bin/../lib/gcc/arm-none-eabi/4.8.3/../../../../arm-none-eabi/lib/armv6-m\libc_s.a(lib_a-memset.o)
                0x000051ba                memset
 *fill*         0x000051ca        0x2 
 .text._malloc_r
                0x000051cc       0xa8 c:/users/bryce/appdata/local/arduino15/packages/arduino/tools/arm-none-eabi-gcc/4.8.3-2014q1/bin/../lib/gcc/arm-none-eabi/4.8.3/../../../../arm-none-eabi/lib/armv6-m\libc_s.a(lib_a-nano-mallocr.o)
                0x000051cc                _malloc_r
 .text._sbrk_r  0x00005274       0x24 c:/users/bryce/appdata/local/arduino15/packages/arduino/tools/arm-none-eabi-gcc/4.8.3-2014q1/bin/../lib/gcc/arm-none-eabi/4.8.3/../../../../arm-none-eabi/lib/armv6-m\libc_s.a(lib_a-sbrkr.o)
                0x00005274                _sbrk_r
 .text.strlen   0x00005298        0xe c:/users/bryce/appdata/local/arduino15/packages/arduino/tools/arm-none-eabi-gcc/4.8.3-2014q1/bin/../lib/gcc/arm-none-eabi/4.8.3/../../../../arm-none-eabi/lib/armv6-m\libc_s.a(lib_a-strlen.o)
                0x00005298                strlen
 *fill*         0x000052a6        0x2 
 .text._sbrk    0x000052a8       0x34 c:/users/bryce/appdata/local/arduino15/packages/arduino/tools/arm-none-eabi-gcc/4.8.3-2014q1/bin/../lib/gcc/arm-none-eabi/4.8.3/../../../../arm-none-eabi/lib/armv6-m\libnosys.a(sbrk.o)
                0x000052a8                _sbrk
 *(.init)
 .init          0x000052dc        0x4 c:/users/bryce/appdata/local/arduino15/packages/arduino/tools/arm-none-eabi-gcc/4.8.3-2014q1/bin/../lib/gcc/arm-none-eabi/4.8.3/armv6-m/crti.o
                0x000052dc                _init
 .init          0x000052e0        0x8 c:/users/bryce/appdata/local/arduino15/packages/arduino/tools/arm-none-eabi-gcc/4.8.3-2014q1/bin/../lib/gcc/arm-none-eabi/4.8.3/armv6-m/crtn.o
 *(.fini)
 .fini          0x000052e8        0x4 c:/users/bryce/appdata/local/arduino15/packages/arduino/tools/arm-none-eabi-gcc/4.8.3-2014q1/bin/../lib/gcc/arm-none-eabi/4.8.3/armv6-m/crti.o
                0x000052e8                _fini
 .fini          0x000052ec        0x8 c:/users/bryce/appdata/local/arduino15/packages/arduino/tools/arm-none-eabi-gcc/4.8.3-2014q1/bin/../lib/gcc/arm-none-eabi/4.8.3/armv6-m/crtn.o
 *crtbegin.o(.ctors)
 *crtbegin?.o(.ctors)
 *(EXCLUDE_FILE(*crtend.o *crtend?.o) .ctors)
 *(SORT(.ctors.*))
 *(.ctors)
 *crtbegin.o(.dtors)
 *crtbegin?.o(.dtors)
 *(EXCLUDE_FILE(*crtend.o *crtend?.o) .dtors)
 *(SORT(.dtors.*))
 *(.dtors)
 *(.rodata*)
 .rodata.str1.1
                0x000052f4       0xe9 C:\Users\Bryce\AppData\Local\Temp\arduino\sketches\186A69DA793391A1BCFAFD0DADF0B8D3\sketch\main.ino.cpp.o
 .rodata._ZL8fuseeBin
                0x000053dd    0x1a9c8 C:\Users\Bryce\AppData\Local\Temp\arduino\sketches\186A69DA793391A1BCFAFD0DADF0B8D3\sketch\main.ino.cpp.o
 .rodata._ZL10intermezzo
                0x0001fda5       0x5c C:\Users\Bryce\AppData\Local\Temp\arduino\sketches\186A69DA793391A1BCFAFD0DADF0B8D3\sketch\main.ino.cpp.o
 *fill*         0x0001fe01        0x7 
 .rodata._ZTV15AddressPoolImplILm16EE
                0x0001fe08       0x18 C:\Users\Bryce\AppData\Local\Temp\arduino\sketches\186A69DA793391A1BCFAFD0DADF0B8D3\libraries\USBHost\Usb.cpp.o
                0x0001fe08                vtable for AddressPoolImpl<16ul>
 .rodata.g_APinDescription
                0x0001fe20      0x228 C:\Users\Bryce\AppData\Local\Temp\arduino\sketches\186A69DA793391A1BCFAFD0DADF0B8D3\core\variant.cpp.o
                0x0001fe20                g_APinDescription
 .rodata.str1.1
                0x00020048        0xf C:\Users\Bryce\AppData\Local\Temp\arduino\sketches\186A69DA793391A1BCFAFD0DADF0B8D3/..\..\cores\Rebug V1.0.4_samd_rebug_switchme_m0_4384d558e90a380b2d87b61af40e917a\core.a(Print.cpp.o)
                                 0x11 (size before relaxing)
 *fill*         0x00020057        0x1 
 .rodata._ZTV7Serial_
                0x00020058       0x28 C:\Users\Bryce\AppData\Local\Temp\arduino\sketches\186A69DA793391A1BCFAFD0DADF0B8D3/..\..\cores\Rebug V1.0.4_samd_rebug_switchme_m0_4384d558e90a380b2d87b61af40e917a\core.a(CDC.cpp.o)
                0x00020058                vtable for Serial_
 .rodata._ZTV26DoubleBufferedEPOutHandler
                0x00020080       0x18 C:\Users\Bryce\AppData\Local\Temp\arduino\sketches\186A69DA793391A1BCFAFD0DADF0B8D3/..\..\cores\Rebug V1.0.4_samd_rebug_switchme_m0_4384d558e90a380b2d87b61af40e917a\core.a(USBCore.cpp.o)
                0x00020080                vtable for DoubleBufferedEPOutHandler
 .rodata._ZL19STRING_MANUFACTURER
                0x00020098        0x6 C:\Users\Bryce\AppData\Local\Temp\arduino\sketches\186A69DA793391A1BCFAFD0DADF0B8D3/..\..\cores\Rebug V1.0.4_samd_rebug_switchme_m0_4384d558e90a380b2d87b61af40e917a\core.a(USBCore.cpp.o)
 .rodata._ZL15STRING_LANGUAGE
                0x0002009e        0x4 C:\Users\Bryce\AppData\Local\Temp\arduino\sketches\186A69DA793391A1BCFAFD0DADF0B8D3/..\..\cores\Rebug V1.0.4_samd_rebug_switchme_m0_4384d558e90a380b2d87b61af40e917a\core.a(USBCore.cpp.o)
 .rodata._ZL21USB_DeviceDescriptorB
                0x000200a2       0x12 C:\Users\Bryce\AppData\Local\Temp\arduino\sketches\186A69DA793391A1BCFAFD0DADF0B8D3/..\..\cores\Rebug V1.0.4_samd_rebug_switchme_m0_4384d558e90a380b2d87b61af40e917a\core.a(USBCore.cpp.o)
 .rodata._ZL14STRING_PRODUCT
                0x000200b4        0xc C:\Users\Bryce\AppData\Local\Temp\arduino\sketches\186A69DA793391A1BCFAFD0DADF0B8D3/..\..\cores\Rebug V1.0.4_samd_rebug_switchme_m0_4384d558e90a380b2d87b61af40e917a\core.a(USBCore.cpp.o)
 .rodata._ZTV4Uart
                0x000200c0       0x30 C:\Users\Bryce\AppData\Local\Temp\arduino\sketches\186A69DA793391A1BCFAFD0DADF0B8D3/..\..\cores\Rebug V1.0.4_samd_rebug_switchme_m0_4384d558e90a380b2d87b61af40e917a\core.a(Uart.cpp.o)
                0x000200c0                vtable for Uart
 .rodata.str1.1
                0x000200f0        0x2 c:/users/bryce/appdata/local/arduino15/packages/arduino/tools/arm-none-eabi-gcc/4.8.3-2014q1/bin/../lib/gcc/arm-none-eabi/4.8.3/../../../../arm-none-eabi/lib/armv6-m\libc_s.a(lib_a-impure.o)
 *(.eh_frame*)
 *fill*         0x000200f2        0x2 
 .eh_frame      0x000200f4        0x0 c:/users/bryce/appdata/local/arduino15/packages/arduino/tools/arm-none-eabi-gcc/4.8.3-2014q1/bin/../lib/gcc/arm-none-eabi/4.8.3/armv6-m/crtbegin.o
 .eh_frame      0x000200f4        0x4 c:/users/bryce/appdata/local/arduino15/packages/arduino/tools/arm-none-eabi-gcc/4.8.3-2014q1/bin/../lib/gcc/arm-none-eabi/4.8.3/armv6-m/crtend.o

.glue_7         0x000200f8        0x0
 .glue_7        0x00000000        0x0 linker stubs

.glue_7t        0x000200f8        0x0
 .glue_7t       0x00000000        0x0 linker stubs

.vfp11_veneer   0x000200f8        0x0
 .vfp11_veneer  0x00000000        0x0 linker stubs

.v4_bx          0x000200f8        0x0
 .v4_bx         0x00000000        0x0 linker stubs

.iplt           0x000200f8        0x0
 .iplt          0x00000000        0x0 c:/users/bryce/appdata/local/arduino15/packages/arduino/tools/arm-none-eabi-gcc/4.8.3-2014q1/bin/../lib/gcc/arm-none-eabi/4.8.3/armv6-m/crtbegin.o

.rel.dyn        0x000200f8        0x0
 .rel.iplt      0x00000000        0x0 c:/users/bryce/appdata/local/arduino15/packages/arduino/tools/arm-none-eabi-gcc/4.8.3-2014q1/bin/../lib/gcc/arm-none-eabi/4.8.3/armv6-m/crtbegin.o

.ARM.extab
 *(.ARM.extab* .gnu.linkonce.armextab.*)
                0x000200f8                __exidx_start = .

.ARM.exidx
 *(.ARM.exidx* .gnu.linkonce.armexidx.*)
                0x000200f8                __exidx_end = .
                0x000200f8                __etext = .

.data           0x20000000      0x110 load address 0x000200f8
                0x20000000                __data_start__ = .
 *(vtable)
 *(.data*)
 .data.hexChars
                0x20000000        0x4 C:\Users\Bryce\AppData\Local\Temp\arduino\sketches\186A69DA793391A1BCFAFD0DADF0B8D3\sketch\main.ino.cpp.o
                0x20000000                hexChars
 .data.tegraDeviceAddress
                0x20000004        0x1 C:\Users\Bryce\AppData\Local\Temp\arduino\sketches\186A69DA793391A1BCFAFD0DADF0B8D3\sketch\main.ino.cpp.o
                0x20000004                tegraDeviceAddress
 *fill*         0x20000005        0x3 
 .data._ZL14usb_task_state
                0x20000008        0x4 C:\Users\Bryce\AppData\Local\Temp\arduino\sketches\186A69DA793391A1BCFAFD0DADF0B8D3\libraries\USBHost\Usb.cpp.o
 .data._ZL12_usbLineInfo
                0x2000000c        0x8 C:\Users\Bryce\AppData\Local\Temp\arduino\sketches\186A69DA793391A1BCFAFD0DADF0B8D3/..\..\cores\Rebug V1.0.4_samd_rebug_switchme_m0_4384d558e90a380b2d87b61af40e917a\core.a(CDC.cpp.o)
 .data._ZL10breakValue
                0x20000014        0x4 C:\Users\Bryce\AppData\Local\Temp\arduino\sketches\186A69DA793391A1BCFAFD0DADF0B8D3/..\..\cores\Rebug V1.0.4_samd_rebug_switchme_m0_4384d558e90a380b2d87b61af40e917a\core.a(CDC.cpp.o)
 .data._ZL13_cdcInterface
                0x20000018       0x42 C:\Users\Bryce\AppData\Local\Temp\arduino\sketches\186A69DA793391A1BCFAFD0DADF0B8D3/..\..\cores\Rebug V1.0.4_samd_rebug_switchme_m0_4384d558e90a380b2d87b61af40e917a\core.a(CDC.cpp.o)
 *fill*         0x2000005a        0x2 
 .data._serialPeek
                0x2000005c        0x4 C:\Users\Bryce\AppData\Local\Temp\arduino\sketches\186A69DA793391A1BCFAFD0DADF0B8D3/..\..\cores\Rebug V1.0.4_samd_rebug_switchme_m0_4384d558e90a380b2d87b61af40e917a\core.a(CDC.cpp.o)
                0x2000005c                _serialPeek
 .data.EndPoints
                0x20000060       0x28 C:\Users\Bryce\AppData\Local\Temp\arduino\sketches\186A69DA793391A1BCFAFD0DADF0B8D3/..\..\cores\Rebug V1.0.4_samd_rebug_switchme_m0_4384d558e90a380b2d87b61af40e917a\core.a(USBCore.cpp.o)
                0x20000060                EndPoints
 .data.SystemCoreClock
                0x20000088        0x4 C:\Users\Bryce\AppData\Local\Temp\arduino\sketches\186A69DA793391A1BCFAFD0DADF0B8D3/..\..\cores\Rebug V1.0.4_samd_rebug_switchme_m0_4384d558e90a380b2d87b61af40e917a\core.a(wiring.c.o)
                0x20000088                SystemCoreClock
 .data._ZL5ticks
                0x2000008c        0x4 C:\Users\Bryce\AppData\Local\Temp\arduino\sketches\186A69DA793391A1BCFAFD0DADF0B8D3/..\..\cores\Rebug V1.0.4_samd_rebug_switchme_m0_4384d558e90a380b2d87b61af40e917a\core.a(Reset.cpp.o)
 .data.impure_data
                0x20000090       0x60 c:/users/bryce/appdata/local/arduino15/packages/arduino/tools/arm-none-eabi-gcc/4.8.3-2014q1/bin/../lib/gcc/arm-none-eabi/4.8.3/../../../../arm-none-eabi/lib/armv6-m\libc_s.a(lib_a-impure.o)
 .data._impure_ptr
                0x200000f0        0x4 c:/users/bryce/appdata/local/arduino15/packages/arduino/tools/arm-none-eabi-gcc/4.8.3-2014q1/bin/../lib/gcc/arm-none-eabi/4.8.3/../../../../arm-none-eabi/lib/armv6-m\libc_s.a(lib_a-impure.o)
                0x200000f0                _impure_ptr
                0x200000f4                . = ALIGN (0x4)
                0x200000f4                PROVIDE (__preinit_array_start, .)
 *(.preinit_array)
                0x200000f4                PROVIDE (__preinit_array_end, .)
                0x200000f4                . = ALIGN (0x4)
                0x200000f4                PROVIDE (__init_array_start, .)
 *(SORT(.init_array.*))
 *(.init_array)
 .init_array    0x200000f4        0x4 c:/users/bryce/appdata/local/arduino15/packages/arduino/tools/arm-none-eabi-gcc/4.8.3-2014q1/bin/../lib/gcc/arm-none-eabi/4.8.3/armv6-m/crtbegin.o
 .init_array    0x200000f8        0x4 C:\Users\Bryce\AppData\Local\Temp\arduino\sketches\186A69DA793391A1BCFAFD0DADF0B8D3\sketch\main.ino.cpp.o
 .init_array    0x200000fc        0x4 C:\Users\Bryce\AppData\Local\Temp\arduino\sketches\186A69DA793391A1BCFAFD0DADF0B8D3\core\variant.cpp.o
 .init_array    0x20000100        0x4 C:\Users\Bryce\AppData\Local\Temp\arduino\sketches\186A69DA793391A1BCFAFD0DADF0B8D3/..\..\cores\Rebug V1.0.4_samd_rebug_switchme_m0_4384d558e90a380b2d87b61af40e917a\core.a(CDC.cpp.o)
 .init_array    0x20000104        0x4 C:\Users\Bryce\AppData\Local\Temp\arduino\sketches\186A69DA793391A1BCFAFD0DADF0B8D3/..\..\cores\Rebug V1.0.4_samd_rebug_switchme_m0_4384d558e90a380b2d87b61af40e917a\core.a(USBCore.cpp.o)
                0x20000108                PROVIDE (__init_array_end, .)
                0x20000108                . = ALIGN (0x4)
                0x20000108                PROVIDE (__fini_array_start, .)
 *(SORT(.fini_array.*))
 *(.fini_array)
 .fini_array    0x20000108        0x4 c:/users/bryce/appdata/local/arduino15/packages/arduino/tools/arm-none-eabi-gcc/4.8.3-2014q1/bin/../lib/gcc/arm-none-eabi/4.8.3/armv6-m/crtbegin.o
                0x2000010c                PROVIDE (__fini_array_end, .)
 *(.jcr*)
 .jcr           0x2000010c        0x0 c:/users/bryce/appdata/local/arduino15/packages/arduino/tools/arm-none-eabi-gcc/4.8.3-2014q1/bin/../lib/gcc/arm-none-eabi/4.8.3/armv6-m/crtbegin.o
 .jcr           0x2000010c        0x4 c:/users/bryce/appdata/local/arduino15/packages/arduino/tools/arm-none-eabi-gcc/4.8.3-2014q1/bin/../lib/gcc/arm-none-eabi/4.8.3/armv6-m/crtend.o
                0x20000110                . = ALIGN (0x4)
                0x20000110                __data_end__ = .

.igot.plt       0x20000110        0x0 load address 0x00020208
 .igot.plt      0x00000000        0x0 c:/users/bryce/appdata/local/arduino15/packages/arduino/tools/arm-none-eabi-gcc/4.8.3-2014q1/bin/../lib/gcc/arm-none-eabi/4.8.3/armv6-m/crtbegin.o

.bss            0x20000110     0x1988 load address 0x00020208
                0x20000110                . = ALIGN (0x4)
                0x20000110                __bss_start__ = .
 *(.bss*)
 .bss           0x20000110       0x1c c:/users/bryce/appdata/local/arduino15/packages/arduino/tools/arm-none-eabi-gcc/4.8.3-2014q1/bin/../lib/gcc/arm-none-eabi/4.8.3/armv6-m/crtbegin.o
 .bss.usbWriteBuffer
                0x2000012c     0x1000 C:\Users\Bryce\AppData\Local\Temp\arduino\sketches\186A69DA793391A1BCFAFD0DADF0B8D3\sketch\main.ino.cpp.o
                0x2000012c                usbWriteBuffer
 .bss.lastCheckTime
                0x2000112c        0x4 C:\Users\Bryce\AppData\Local\Temp\arduino\sketches\186A69DA793391A1BCFAFD0DADF0B8D3\sketch\main.ino.cpp.o
                0x2000112c                lastCheckTime
 .bss.foundTegra
                0x20001130        0x1 C:\Users\Bryce\AppData\Local\Temp\arduino\sketches\186A69DA793391A1BCFAFD0DADF0B8D3\sketch\main.ino.cpp.o
                0x20001130                foundTegra
 *fill*         0x20001131        0x3 
 .bss.packetsWritten
                0x20001134        0x4 C:\Users\Bryce\AppData\Local\Temp\arduino\sketches\186A69DA793391A1BCFAFD0DADF0B8D3\sketch\main.ino.cpp.o
                0x20001134                packetsWritten
 .bss.epInfo    0x20001138       0x24 C:\Users\Bryce\AppData\Local\Temp\arduino\sketches\186A69DA793391A1BCFAFD0DADF0B8D3\sketch\main.ino.cpp.o
                0x20001138                epInfo
 .bss.usbWriteBufferUsed
                0x2000115c        0x4 C:\Users\Bryce\AppData\Local\Temp\arduino\sketches\186A69DA793391A1BCFAFD0DADF0B8D3\sketch\main.ino.cpp.o
                0x2000115c                usbWriteBufferUsed
 .bss.usb       0x20001160      0x158 C:\Users\Bryce\AppData\Local\Temp\arduino\sketches\186A69DA793391A1BCFAFD0DADF0B8D3\sketch\main.ino.cpp.o
                0x20001160                usb
 .bss._ZL9usb_error
                0x200012b8        0x4 C:\Users\Bryce\AppData\Local\Temp\arduino\sketches\186A69DA793391A1BCFAFD0DADF0B8D3\libraries\USBHost\Usb.cpp.o
 .bss._ZZN7USBHost4TaskEvE5delay
                0x200012bc        0x4 C:\Users\Bryce\AppData\Local\Temp\arduino\sketches\186A69DA793391A1BCFAFD0DADF0B8D3\libraries\USBHost\Usb.cpp.o
 .bss.Serial1   0x200012c0       0xc4 C:\Users\Bryce\AppData\Local\Temp\arduino\sketches\186A69DA793391A1BCFAFD0DADF0B8D3\core\variant.cpp.o
                0x200012c0                Serial1
 .bss.sercom3   0x20001384        0x4 C:\Users\Bryce\AppData\Local\Temp\arduino\sketches\186A69DA793391A1BCFAFD0DADF0B8D3\core\variant.cpp.o
                0x20001384                sercom3
 .bss.sercom0   0x20001388        0x4 C:\Users\Bryce\AppData\Local\Temp\arduino\sketches\186A69DA793391A1BCFAFD0DADF0B8D3\core\variant.cpp.o
                0x20001388                sercom0
 .bss.sercom1   0x2000138c        0x4 C:\Users\Bryce\AppData\Local\Temp\arduino\sketches\186A69DA793391A1BCFAFD0DADF0B8D3\core\variant.cpp.o
                0x2000138c                sercom1
 .bss.sercom2   0x20001390        0x4 C:\Users\Bryce\AppData\Local\Temp\arduino\sketches\186A69DA793391A1BCFAFD0DADF0B8D3\core\variant.cpp.o
                0x20001390                sercom2
 .bss.Serial    0x20001394       0x1c C:\Users\Bryce\AppData\Local\Temp\arduino\sketches\186A69DA793391A1BCFAFD0DADF0B8D3/..\..\cores\Rebug V1.0.4_samd_rebug_switchme_m0_4384d558e90a380b2d87b61af40e917a\core.a(CDC.cpp.o)
                0x20001394                Serial
 .bss._ZL14isEndpointHalt
                0x200013b0        0x1 C:\Users\Bryce\AppData\Local\Temp\arduino\sketches\186A69DA793391A1BCFAFD0DADF0B8D3/..\..\cores\Rebug V1.0.4_samd_rebug_switchme_m0_4384d558e90a380b2d87b61af40e917a\core.a(USBCore.cpp.o)
 .bss._pack_buffer
                0x200013b1      0x100 C:\Users\Bryce\AppData\Local\Temp\arduino\sketches\186A69DA793391A1BCFAFD0DADF0B8D3/..\..\cores\Rebug V1.0.4_samd_rebug_switchme_m0_4384d558e90a380b2d87b61af40e917a\core.a(USBCore.cpp.o)
                0x200013b1                _pack_buffer
 *fill*         0x200014b1        0x1 
 .bss._pack_size
                0x200014b2        0x2 C:\Users\Bryce\AppData\Local\Temp\arduino\sketches\186A69DA793391A1BCFAFD0DADF0B8D3/..\..\cores\Rebug V1.0.4_samd_rebug_switchme_m0_4384d558e90a380b2d87b61af40e917a\core.a(USBCore.cpp.o)
                0x200014b2                _pack_size
 .bss._ZL20LastTransmitTimedOut
                0x200014b4        0x7 C:\Users\Bryce\AppData\Local\Temp\arduino\sketches\186A69DA793391A1BCFAFD0DADF0B8D3/..\..\cores\Rebug V1.0.4_samd_rebug_switchme_m0_4384d558e90a380b2d87b61af40e917a\core.a(USBCore.cpp.o)
 *fill*         0x200014bb        0x1 
 .bss._ZL22udd_ep_in_cache_buffer
                0x200014bc      0x1c0 C:\Users\Bryce\AppData\Local\Temp\arduino\sketches\186A69DA793391A1BCFAFD0DADF0B8D3/..\..\cores\Rebug V1.0.4_samd_rebug_switchme_m0_4384d558e90a380b2d87b61af40e917a\core.a(USBCore.cpp.o)
 .bss._ZL10txLEDPulse
                0x2000167c        0x1 C:\Users\Bryce\AppData\Local\Temp\arduino\sketches\186A69DA793391A1BCFAFD0DADF0B8D3/..\..\cores\Rebug V1.0.4_samd_rebug_switchme_m0_4384d558e90a380b2d87b61af40e917a\core.a(USBCore.cpp.o)
 *fill*         0x2000167d        0x3 
 .bss._ZL23udd_ep_out_cache_buffer
                0x20001680      0x1c0 C:\Users\Bryce\AppData\Local\Temp\arduino\sketches\186A69DA793391A1BCFAFD0DADF0B8D3/..\..\cores\Rebug V1.0.4_samd_rebug_switchme_m0_4384d558e90a380b2d87b61af40e917a\core.a(USBCore.cpp.o)
 .bss._ZL10epHandlers
                0x20001840       0x1c C:\Users\Bryce\AppData\Local\Temp\arduino\sketches\186A69DA793391A1BCFAFD0DADF0B8D3/..\..\cores\Rebug V1.0.4_samd_rebug_switchme_m0_4384d558e90a380b2d87b61af40e917a\core.a(USBCore.cpp.o)
 .bss._pack_message
                0x2000185c        0x1 C:\Users\Bryce\AppData\Local\Temp\arduino\sketches\186A69DA793391A1BCFAFD0DADF0B8D3/..\..\cores\Rebug V1.0.4_samd_rebug_switchme_m0_4384d558e90a380b2d87b61af40e917a\core.a(USBCore.cpp.o)
                0x2000185c                _pack_message
 .bss._ZL21isRemoteWakeUpEnabled
                0x2000185d        0x1 C:\Users\Bryce\AppData\Local\Temp\arduino\sketches\186A69DA793391A1BCFAFD0DADF0B8D3/..\..\cores\Rebug V1.0.4_samd_rebug_switchme_m0_4384d558e90a380b2d87b61af40e917a\core.a(USBCore.cpp.o)
 .bss._dry_run  0x2000185e        0x1 C:\Users\Bryce\AppData\Local\Temp\arduino\sketches\186A69DA793391A1BCFAFD0DADF0B8D3/..\..\cores\Rebug V1.0.4_samd_rebug_switchme_m0_4384d558e90a380b2d87b61af40e917a\core.a(USBCore.cpp.o)
                0x2000185e                _dry_run
 .bss.USBDevice
                0x2000185f        0x1 C:\Users\Bryce\AppData\Local\Temp\arduino\sketches\186A69DA793391A1BCFAFD0DADF0B8D3/..\..\cores\Rebug V1.0.4_samd_rebug_switchme_m0_4384d558e90a380b2d87b61af40e917a\core.a(USBCore.cpp.o)
                0x2000185f                USBDevice
 .bss._usbSetInterface
                0x20001860        0x4 C:\Users\Bryce\AppData\Local\Temp\arduino\sketches\186A69DA793391A1BCFAFD0DADF0B8D3/..\..\cores\Rebug V1.0.4_samd_rebug_switchme_m0_4384d558e90a380b2d87b61af40e917a\core.a(USBCore.cpp.o)
                0x20001860                _usbSetInterface
 .bss._ZL10rxLEDPulse
                0x20001864        0x1 C:\Users\Bryce\AppData\Local\Temp\arduino\sketches\186A69DA793391A1BCFAFD0DADF0B8D3/..\..\cores\Rebug V1.0.4_samd_rebug_switchme_m0_4384d558e90a380b2d87b61af40e917a\core.a(USBCore.cpp.o)
 *fill*         0x20001865        0x3 
 .bss.usbd      0x20001868      0x104 C:\Users\Bryce\AppData\Local\Temp\arduino\sketches\186A69DA793391A1BCFAFD0DADF0B8D3/..\..\cores\Rebug V1.0.4_samd_rebug_switchme_m0_4384d558e90a380b2d87b61af40e917a\core.a(USBCore.cpp.o)
                0x20001868                usbd
 .bss._usbConfiguration
                0x2000196c        0x4 C:\Users\Bryce\AppData\Local\Temp\arduino\sketches\186A69DA793391A1BCFAFD0DADF0B8D3/..\..\cores\Rebug V1.0.4_samd_rebug_switchme_m0_4384d558e90a380b2d87b61af40e917a\core.a(USBCore.cpp.o)
                0x2000196c                _usbConfiguration
 .bss.uhd_state
                0x20001970        0x1 C:\Users\Bryce\AppData\Local\Temp\arduino\sketches\186A69DA793391A1BCFAFD0DADF0B8D3/..\..\cores\Rebug V1.0.4_samd_rebug_switchme_m0_4384d558e90a380b2d87b61af40e917a\core.a(samd21_host.c.o)
 *fill*         0x20001971        0x3 
 .bss.usb_isr   0x20001974        0x4 C:\Users\Bryce\AppData\Local\Temp\arduino\sketches\186A69DA793391A1BCFAFD0DADF0B8D3/..\..\cores\Rebug V1.0.4_samd_rebug_switchme_m0_4384d558e90a380b2d87b61af40e917a\core.a(cortex_handlers.c.o)
 .bss._ulTickCount
                0x20001978        0x4 C:\Users\Bryce\AppData\Local\Temp\arduino\sketches\186A69DA793391A1BCFAFD0DADF0B8D3/..\..\cores\Rebug V1.0.4_samd_rebug_switchme_m0_4384d558e90a380b2d87b61af40e917a\core.a(delay.c.o)
 .bss._ZZ12PluggableUSBvE3obj
                0x2000197c        0x8 C:\Users\Bryce\AppData\Local\Temp\arduino\sketches\186A69DA793391A1BCFAFD0DADF0B8D3/..\..\cores\Rebug V1.0.4_samd_rebug_switchme_m0_4384d558e90a380b2d87b61af40e917a\core.a(PluggableUSB.cpp.o)
 .bss._ZGVZ12PluggableUSBvE3obj
                0x20001984        0x4 C:\Users\Bryce\AppData\Local\Temp\arduino\sketches\186A69DA793391A1BCFAFD0DADF0B8D3/..\..\cores\Rebug V1.0.4_samd_rebug_switchme_m0_4384d558e90a380b2d87b61af40e917a\core.a(PluggableUSB.cpp.o)
 .bss.__malloc_sbrk_start
                0x20001988        0x4 c:/users/bryce/appdata/local/arduino15/packages/arduino/tools/arm-none-eabi-gcc/4.8.3-2014q1/bin/../lib/gcc/arm-none-eabi/4.8.3/../../../../arm-none-eabi/lib/armv6-m\libc_s.a(lib_a-nano-mallocr.o)
                0x20001988                __malloc_sbrk_start
 .bss.__malloc_free_list
                0x2000198c        0x4 c:/users/bryce/appdata/local/arduino15/packages/arduino/tools/arm-none-eabi-gcc/4.8.3-2014q1/bin/../lib/gcc/arm-none-eabi/4.8.3/../../../../arm-none-eabi/lib/armv6-m\libc_s.a(lib_a-nano-mallocr.o)
                0x2000198c                __malloc_free_list
 .bss.heap_end.4243
                0x20001990        0x4 c:/users/bryce/appdata/local/arduino15/packages/arduino/tools/arm-none-eabi-gcc/4.8.3-2014q1/bin/../lib/gcc/arm-none-eabi/4.8.3/../../../../arm-none-eabi/lib/armv6-m\libnosys.a(sbrk.o)
 *(COMMON)
 COMMON         0x20001994      0x100 C:\Users\Bryce\AppData\Local\Temp\arduino\sketches\186A69DA793391A1BCFAFD0DADF0B8D3/..\..\cores\Rebug V1.0.4_samd_rebug_switchme_m0_4384d558e90a380b2d87b61af40e917a\core.a(samd21_host.c.o)
                0x20001994                usb_pipe_table
 COMMON         0x20001a94        0x4 c:/users/bryce/appdata/local/arduino15/packages/arduino/tools/arm-none-eabi-gcc/4.8.3-2014q1/bin/../lib/gcc/arm-none-eabi/4.8.3/../../../../arm-none-eabi/lib/armv6-m\libc_s.a(lib_a-reent.o)
                0x20001a94                errno
                0x20001a98                . = ALIGN (0x4)
                0x20001a98                __bss_end__ = .

.heap           0x20001a98        0x0
                0x20001a98                __end__ = .
                0x20001a98                PROVIDE (end, .)
 *(.heap*)
                0x20001a98                __HeapLimit = .

.stack_dummy    0x20001a98        0x0
 *(.stack*)
                0x20008000                __StackTop = (ORIGIN (RAM) + 0x8000)
                0x20008000                __StackLimit = (__StackTop - SIZEOF (.stack_dummy))
                0x20008000                PROVIDE (__stack, __StackTop)
                0x20007fff                __ram_end__ = ((ORIGIN (RAM) + 0x8000) - 0x1)
                0x00000001                ASSERT ((__StackLimit >= __HeapLimit), region RAM overflowed with stack)
OUTPUT(C:\Users\Bryce\AppData\Local\Temp\arduino\sketches\186A69DA793391A1BCFAFD0DADF0B8D3/main.ino.elf elf32-littlearm)

.ARM.attributes
                0x00000000       0x28
 .ARM.attributes
                0x00000000       0x1e c:/users/bryce/appdata/local/arduino15/packages/arduino/tools/arm-none-eabi-gcc/4.8.3-2014q1/bin/../lib/gcc/arm-none-eabi/4.8.3/armv6-m/crti.o
 .ARM.attributes
                0x0000001e       0x2c c:/users/bryce/appdata/local/arduino15/packages/arduino/tools/arm-none-eabi-gcc/4.8.3-2014q1/bin/../lib/gcc/arm-none-eabi/4.8.3/armv6-m/crtbegin.o
 .ARM.attributes
                0x0000004a       0x32 C:\Users\Bryce\AppData\Local\Temp\arduino\sketches\186A69DA793391A1BCFAFD0DADF0B8D3\sketch\main.ino.cpp.o
 .ARM.attributes
                0x0000007c       0x32 C:\Users\Bryce\AppData\Local\Temp\arduino\sketches\186A69DA793391A1BCFAFD0DADF0B8D3\libraries\USBHost\Usb.cpp.o
 .ARM.attributes
                0x000000ae       0x32 C:\Users\Bryce\AppData\Local\Temp\arduino\sketches\186A69DA793391A1BCFAFD0DADF0B8D3\core\variant.cpp.o
 .ARM.attributes
                0x000000e0       0x32 C:\Users\Bryce\AppData\Local\Temp\arduino\sketches\186A69DA793391A1BCFAFD0DADF0B8D3/..\..\cores\Rebug V1.0.4_samd_rebug_switchme_m0_4384d558e90a380b2d87b61af40e917a\core.a(Print.cpp.o)
 .ARM.attributes
                0x00000112       0x32 C:\Users\Bryce\AppData\Local\Temp\arduino\sketches\186A69DA793391A1BCFAFD0DADF0B8D3/..\..\cores\Rebug V1.0.4_samd_rebug_switchme_m0_4384d558e90a380b2d87b61af40e917a\core.a(SERCOM.cpp.o)
 .ARM.attributes
                0x00000144       0x32 C:\Users\Bryce\AppData\Local\Temp\arduino\sketches\186A69DA793391A1BCFAFD0DADF0B8D3/..\..\cores\Rebug V1.0.4_samd_rebug_switchme_m0_4384d558e90a380b2d87b61af40e917a\core.a(CDC.cpp.o)
 .ARM.attributes
                0x00000176       0x32 C:\Users\Bryce\AppData\Local\Temp\arduino\sketches\186A69DA793391A1BCFAFD0DADF0B8D3/..\..\cores\Rebug V1.0.4_samd_rebug_switchme_m0_4384d558e90a380b2d87b61af40e917a\core.a(USBCore.cpp.o)
 .ARM.attributes
                0x000001a8       0x32 C:\Users\Bryce\AppData\Local\Temp\arduino\sketches\186A69DA793391A1BCFAFD0DADF0B8D3/..\..\cores\Rebug V1.0.4_samd_rebug_switchme_m0_4384d558e90a380b2d87b61af40e917a\core.a(samd21_host.c.o)
 .ARM.attributes
                0x000001da       0x32 C:\Users\Bryce\AppData\Local\Temp\arduino\sketches\186A69DA793391A1BCFAFD0DADF0B8D3/..\..\cores\Rebug V1.0.4_samd_rebug_switchme_m0_4384d558e90a380b2d87b61af40e917a\core.a(Uart.cpp.o)
 .ARM.attributes
                0x0000020c       0x32 C:\Users\Bryce\AppData\Local\Temp\arduino\sketches\186A69DA793391A1BCFAFD0DADF0B8D3/..\..\cores\Rebug V1.0.4_samd_rebug_switchme_m0_4384d558e90a380b2d87b61af40e917a\core.a(cortex_handlers.c.o)
 .ARM.attributes
                0x0000023e       0x32 C:\Users\Bryce\AppData\Local\Temp\arduino\sketches\186A69DA793391A1BCFAFD0DADF0B8D3/..\..\cores\Rebug V1.0.4_samd_rebug_switchme_m0_4384d558e90a380b2d87b61af40e917a\core.a(delay.c.o)
 .ARM.attributes
                0x00000270       0x32 C:\Users\Bryce\AppData\Local\Temp\arduino\sketches\186A69DA793391A1BCFAFD0DADF0B8D3/..\..\cores\Rebug V1.0.4_samd_rebug_switchme_m0_4384d558e90a380b2d87b61af40e917a\core.a(hooks.c.o)
 .ARM.attributes
                0x000002a2       0x32 C:\Users\Bryce\AppData\Local\Temp\arduino\sketches\186A69DA793391A1BCFAFD0DADF0B8D3/..\..\cores\Rebug V1.0.4_samd_rebug_switchme_m0_4384d558e90a380b2d87b61af40e917a\core.a(main.cpp.o)
 .ARM.attributes
                0x000002d4       0x32 C:\Users\Bryce\AppData\Local\Temp\arduino\sketches\186A69DA793391A1BCFAFD0DADF0B8D3/..\..\cores\Rebug V1.0.4_samd_rebug_switchme_m0_4384d558e90a380b2d87b61af40e917a\core.a(new.cpp.o)
 .ARM.attributes
                0x00000306       0x32 C:\Users\Bryce\AppData\Local\Temp\arduino\sketches\186A69DA793391A1BCFAFD0DADF0B8D3/..\..\cores\Rebug V1.0.4_samd_rebug_switchme_m0_4384d558e90a380b2d87b61af40e917a\core.a(startup.c.o)
 .ARM.attributes
                0x00000338       0x32 C:\Users\Bryce\AppData\Local\Temp\arduino\sketches\186A69DA793391A1BCFAFD0DADF0B8D3/..\..\cores\Rebug V1.0.4_samd_rebug_switchme_m0_4384d558e90a380b2d87b61af40e917a\core.a(wiring.c.o)
 .ARM.attributes
                0x0000036a       0x32 C:\Users\Bryce\AppData\Local\Temp\arduino\sketches\186A69DA793391A1BCFAFD0DADF0B8D3/..\..\cores\Rebug V1.0.4_samd_rebug_switchme_m0_4384d558e90a380b2d87b61af40e917a\core.a(wiring_analog.c.o)
 .ARM.attributes
                0x0000039c       0x32 C:\Users\Bryce\AppData\Local\Temp\arduino\sketches\186A69DA793391A1BCFAFD0DADF0B8D3/..\..\cores\Rebug V1.0.4_samd_rebug_switchme_m0_4384d558e90a380b2d87b61af40e917a\core.a(wiring_digital.c.o)
 .ARM.attributes
                0x000003ce       0x32 C:\Users\Bryce\AppData\Local\Temp\arduino\sketches\186A69DA793391A1BCFAFD0DADF0B8D3/..\..\cores\Rebug V1.0.4_samd_rebug_switchme_m0_4384d558e90a380b2d87b61af40e917a\core.a(wiring_private.c.o)
 .ARM.attributes
                0x00000400       0x32 C:\Users\Bryce\AppData\Local\Temp\arduino\sketches\186A69DA793391A1BCFAFD0DADF0B8D3/..\..\cores\Rebug V1.0.4_samd_rebug_switchme_m0_4384d558e90a380b2d87b61af40e917a\core.a(Reset.cpp.o)
 .ARM.attributes
                0x00000432       0x32 C:\Users\Bryce\AppData\Local\Temp\arduino\sketches\186A69DA793391A1BCFAFD0DADF0B8D3/..\..\cores\Rebug V1.0.4_samd_rebug_switchme_m0_4384d558e90a380b2d87b61af40e917a\core.a(RingBuffer.cpp.o)
 .ARM.attributes
                0x00000464       0x32 C:\Users\Bryce\AppData\Local\Temp\arduino\sketches\186A69DA793391A1BCFAFD0DADF0B8D3/..\..\cores\Rebug V1.0.4_samd_rebug_switchme_m0_4384d558e90a380b2d87b61af40e917a\core.a(PluggableUSB.cpp.o)
 .ARM.attributes
                0x00000496       0x1e c:/users/bryce/appdata/local/arduino15/packages/arduino/tools/arm-none-eabi-gcc/4.8.3-2014q1/bin/../lib/gcc/arm-none-eabi/4.8.3/armv6-m\libgcc.a(_thumb1_case_uqi.o)
 .ARM.attributes
                0x000004b4       0x1e c:/users/bryce/appdata/local/arduino15/packages/arduino/tools/arm-none-eabi-gcc/4.8.3-2014q1/bin/../lib/gcc/arm-none-eabi/4.8.3/armv6-m\libgcc.a(_udivsi3.o)
 .ARM.attributes
                0x000004d2       0x1e c:/users/bryce/appdata/local/arduino15/packages/arduino/tools/arm-none-eabi-gcc/4.8.3-2014q1/bin/../lib/gcc/arm-none-eabi/4.8.3/armv6-m\libgcc.a(_dvmd_tls.o)
 .ARM.attributes
                0x000004f0       0x2c c:/users/bryce/appdata/local/arduino15/packages/arduino/tools/arm-none-eabi-gcc/4.8.3-2014q1/bin/../lib/gcc/arm-none-eabi/4.8.3/../../../../arm-none-eabi/lib/armv6-m\libc_s.a(lib_a-impure.o)
 .ARM.attributes
                0x0000051c       0x2c c:/users/bryce/appdata/local/arduino15/packages/arduino/tools/arm-none-eabi-gcc/4.8.3-2014q1/bin/../lib/gcc/arm-none-eabi/4.8.3/../../../../arm-none-eabi/lib/armv6-m\libc_s.a(lib_a-init.o)
 .ARM.attributes
                0x00000548       0x2c c:/users/bryce/appdata/local/arduino15/packages/arduino/tools/arm-none-eabi-gcc/4.8.3-2014q1/bin/../lib/gcc/arm-none-eabi/4.8.3/../../../../arm-none-eabi/lib/armv6-m\libc_s.a(lib_a-malloc.o)
 .ARM.attributes
                0x00000574       0x2c c:/users/bryce/appdata/local/arduino15/packages/arduino/tools/arm-none-eabi-gcc/4.8.3-2014q1/bin/../lib/gcc/arm-none-eabi/4.8.3/../../../../arm-none-eabi/lib/armv6-m\libc_s.a(lib_a-memcpy-stub.o)
 .ARM.attributes
                0x000005a0       0x2c c:/users/bryce/appdata/local/arduino15/packages/arduino/tools/arm-none-eabi-gcc/4.8.3-2014q1/bin/../lib/gcc/arm-none-eabi/4.8.3/../../../../arm-none-eabi/lib/armv6-m\libc_s.a(lib_a-memset.o)
 .ARM.attributes
                0x000005cc       0x2c c:/users/bryce/appdata/local/arduino15/packages/arduino/tools/arm-none-eabi-gcc/4.8.3-2014q1/bin/../lib/gcc/arm-none-eabi/4.8.3/../../../../arm-none-eabi/lib/armv6-m\libc_s.a(lib_a-nano-mallocr.o)
 .ARM.attributes
                0x000005f8       0x2c c:/users/bryce/appdata/local/arduino15/packages/arduino/tools/arm-none-eabi-gcc/4.8.3-2014q1/bin/../lib/gcc/arm-none-eabi/4.8.3/../../../../arm-none-eabi/lib/armv6-m\libc_s.a(lib_a-sbrkr.o)
 .ARM.attributes
                0x00000624       0x2c c:/users/bryce/appdata/local/arduino15/packages/arduino/tools/arm-none-eabi-gcc/4.8.3-2014q1/bin/../lib/gcc/arm-none-eabi/4.8.3/../../../../arm-none-eabi/lib/armv6-m\libc_s.a(lib_a-strlen.o)
 .ARM.attributes
                0x00000650       0x2c c:/users/bryce/appdata/local/arduino15/packages/arduino/tools/arm-none-eabi-gcc/4.8.3-2014q1/bin/../lib/gcc/arm-none-eabi/4.8.3/../../../../arm-none-eabi/lib/armv6-m\libc_s.a(lib_a-reent.o)
 .ARM.attributes
                0x0000067c       0x2c c:/users/bryce/appdata/local/arduino15/packages/arduino/tools/arm-none-eabi-gcc/4.8.3-2014q1/bin/../lib/gcc/arm-none-eabi/4.8.3/../../../../arm-none-eabi/lib/armv6-m\libnosys.a(sbrk.o)
 .ARM.attributes
                0x000006a8       0x2c c:/users/bryce/appdata/local/arduino15/packages/arduino/tools/arm-none-eabi-gcc/4.8.3-2014q1/bin/../lib/gcc/arm-none-eabi/4.8.3/armv6-m/crtend.o
 .ARM.attributes
                0x000006d4       0x1e c:/users/bryce/appdata/local/arduino15/packages/arduino/tools/arm-none-eabi-gcc/4.8.3-2014q1/bin/../lib/gcc/arm-none-eabi/4.8.3/armv6-m/crtn.o

.comment        0x00000000       0x70
 .comment       0x00000000       0x70 C:\Users\Bryce\AppData\Local\Temp\arduino\sketches\186A69DA793391A1BCFAFD0DADF0B8D3\sketch\main.ino.cpp.o
                                 0x71 (size before relaxing)
 .comment       0x00000000       0x71 C:\Users\Bryce\AppData\Local\Temp\arduino\sketches\186A69DA793391A1BCFAFD0DADF0B8D3\libraries\USBHost\Usb.cpp.o
 .comment       0x00000000       0x71 C:\Users\Bryce\AppData\Local\Temp\arduino\sketches\186A69DA793391A1BCFAFD0DADF0B8D3\core\variant.cpp.o
 .comment       0x00000000       0x71 C:\Users\Bryce\AppData\Local\Temp\arduino\sketches\186A69DA793391A1BCFAFD0DADF0B8D3/..\..\cores\Rebug V1.0.4_samd_rebug_switchme_m0_4384d558e90a380b2d87b61af40e917a\core.a(Print.cpp.o)
 .comment       0x00000000       0x71 C:\Users\Bryce\AppData\Local\Temp\arduino\sketches\186A69DA793391A1BCFAFD0DADF0B8D3/..\..\cores\Rebug V1.0.4_samd_rebug_switchme_m0_4384d558e90a380b2d87b61af40e917a\core.a(SERCOM.cpp.o)
 .comment       0x00000000       0x71 C:\Users\Bryce\AppData\Local\Temp\arduino\sketches\186A69DA793391A1BCFAFD0DADF0B8D3/..\..\cores\Rebug V1.0.4_samd_rebug_switchme_m0_4384d558e90a380b2d87b61af40e917a\core.a(CDC.cpp.o)
 .comment       0x00000000       0x71 C:\Users\Bryce\AppData\Local\Temp\arduino\sketches\186A69DA793391A1BCFAFD0DADF0B8D3/..\..\cores\Rebug V1.0.4_samd_rebug_switchme_m0_4384d558e90a380b2d87b61af40e917a\core.a(USBCore.cpp.o)
 .comment       0x00000000       0x71 C:\Users\Bryce\AppData\Local\Temp\arduino\sketches\186A69DA793391A1BCFAFD0DADF0B8D3/..\..\cores\Rebug V1.0.4_samd_rebug_switchme_m0_4384d558e90a380b2d87b61af40e917a\core.a(samd21_host.c.o)